Archive member included to satisfy reference by file (symbol)

/usr/lib/gcc/arm-none-eabi/5.4.1/../../../arm-none-eabi/lib/armv7e-m/fpu/libg.a(lib_a-atexit.o)
                              /usr/lib/gcc/arm-none-eabi/5.4.1/../../../arm-none-eabi/lib/armv7e-m/fpu/crt0.o (atexit)
/usr/lib/gcc/arm-none-eabi/5.4.1/../../../arm-none-eabi/lib/armv7e-m/fpu/libg.a(lib_a-ctype_.o)
                              build/parser.o (__ctype_ptr__)
/usr/lib/gcc/arm-none-eabi/5.4.1/../../../arm-none-eabi/lib/armv7e-m/fpu/libg.a(lib_a-errno.o)
                              build/syscall.o (__errno)
/usr/lib/gcc/arm-none-eabi/5.4.1/../../../arm-none-eabi/lib/armv7e-m/fpu/libg.a(lib_a-exit.o)
                              /usr/lib/gcc/arm-none-eabi/5.4.1/../../../arm-none-eabi/lib/armv7e-m/fpu/crt0.o (exit)
/usr/lib/gcc/arm-none-eabi/5.4.1/../../../arm-none-eabi/lib/armv7e-m/fpu/libg.a(lib_a-fini.o)
                              /usr/lib/gcc/arm-none-eabi/5.4.1/../../../arm-none-eabi/lib/armv7e-m/fpu/crt0.o (__libc_fini_array)
/usr/lib/gcc/arm-none-eabi/5.4.1/../../../arm-none-eabi/lib/armv7e-m/fpu/libg.a(lib_a-impure.o)
                              /usr/lib/gcc/arm-none-eabi/5.4.1/../../../arm-none-eabi/lib/armv7e-m/fpu/libg.a(lib_a-exit.o) (_global_impure_ptr)
/usr/lib/gcc/arm-none-eabi/5.4.1/../../../arm-none-eabi/lib/armv7e-m/fpu/libg.a(lib_a-init.o)
                              /usr/lib/gcc/arm-none-eabi/5.4.1/../../../arm-none-eabi/lib/armv7e-m/fpu/crt0.o (__libc_init_array)
/usr/lib/gcc/arm-none-eabi/5.4.1/../../../arm-none-eabi/lib/armv7e-m/fpu/libg.a(lib_a-memset.o)
                              /usr/lib/gcc/arm-none-eabi/5.4.1/../../../arm-none-eabi/lib/armv7e-m/fpu/crt0.o (memset)
/usr/lib/gcc/arm-none-eabi/5.4.1/../../../arm-none-eabi/lib/armv7e-m/fpu/libg.a(lib_a-printf.o)
                              build/main.o (printf)
/usr/lib/gcc/arm-none-eabi/5.4.1/../../../arm-none-eabi/lib/armv7e-m/fpu/libg.a(lib_a-putchar.o)
                              build/parser.o (putchar)
/usr/lib/gcc/arm-none-eabi/5.4.1/../../../arm-none-eabi/lib/armv7e-m/fpu/libg.a(lib_a-puts.o)
                              build/main.o (puts)
/usr/lib/gcc/arm-none-eabi/5.4.1/../../../arm-none-eabi/lib/armv7e-m/fpu/libg.a(lib_a-setvbuf.o)
                              build/terminal.o (setvbuf)
/usr/lib/gcc/arm-none-eabi/5.4.1/../../../arm-none-eabi/lib/armv7e-m/fpu/libg.a(lib_a-strcasecmp.o)
                              build/parser.o (strcasecmp)
/usr/lib/gcc/arm-none-eabi/5.4.1/../../../arm-none-eabi/lib/armv7e-m/fpu/libg.a(lib_a-strcpy.o)
                              build/parser.o (strcpy)
/usr/lib/gcc/arm-none-eabi/5.4.1/../../../arm-none-eabi/lib/armv7e-m/fpu/libg.a(lib_a-strlen.o)
                              build/parser.o (strlen)
/usr/lib/gcc/arm-none-eabi/5.4.1/../../../arm-none-eabi/lib/armv7e-m/fpu/libg.a(lib_a-strtok.o)
                              build/parser.o (strtok)
/usr/lib/gcc/arm-none-eabi/5.4.1/../../../arm-none-eabi/lib/armv7e-m/fpu/libg.a(lib_a-strtok_r.o)
                              /usr/lib/gcc/arm-none-eabi/5.4.1/../../../arm-none-eabi/lib/armv7e-m/fpu/libg.a(lib_a-strtok.o) (__strtok_r)
/usr/lib/gcc/arm-none-eabi/5.4.1/../../../arm-none-eabi/lib/armv7e-m/fpu/libg.a(lib_a-strtol.o)
                              build/parser.o (strtol)
/usr/lib/gcc/arm-none-eabi/5.4.1/../../../arm-none-eabi/lib/armv7e-m/fpu/libg.a(lib_a-strtoul.o)
                              build/parser.o (strtoul)
/usr/lib/gcc/arm-none-eabi/5.4.1/../../../arm-none-eabi/lib/armv7e-m/fpu/libg.a(lib_a-vfprintf.o)
                              /usr/lib/gcc/arm-none-eabi/5.4.1/../../../arm-none-eabi/lib/armv7e-m/fpu/libg.a(lib_a-printf.o) (_vfprintf_r)
/usr/lib/gcc/arm-none-eabi/5.4.1/../../../arm-none-eabi/lib/armv7e-m/fpu/libg.a(lib_a-wsetup.o)
                              /usr/lib/gcc/arm-none-eabi/5.4.1/../../../arm-none-eabi/lib/armv7e-m/fpu/libg.a(lib_a-vfprintf.o) (__swsetup_r)
/usr/lib/gcc/arm-none-eabi/5.4.1/../../../arm-none-eabi/lib/armv7e-m/fpu/libg.a(lib_a-__atexit.o)
                              /usr/lib/gcc/arm-none-eabi/5.4.1/../../../arm-none-eabi/lib/armv7e-m/fpu/libg.a(lib_a-atexit.o) (__register_exitproc)
/usr/lib/gcc/arm-none-eabi/5.4.1/../../../arm-none-eabi/lib/armv7e-m/fpu/libg.a(lib_a-__call_atexit.o)
                              /usr/lib/gcc/arm-none-eabi/5.4.1/../../../arm-none-eabi/lib/armv7e-m/fpu/libg.a(lib_a-exit.o) (__call_exitprocs)
/usr/lib/gcc/arm-none-eabi/5.4.1/../../../arm-none-eabi/lib/armv7e-m/fpu/libg.a(lib_a-dtoa.o)
                              /usr/lib/gcc/arm-none-eabi/5.4.1/../../../arm-none-eabi/lib/armv7e-m/fpu/libg.a(lib_a-vfprintf.o) (_dtoa_r)
/usr/lib/gcc/arm-none-eabi/5.4.1/../../../arm-none-eabi/lib/armv7e-m/fpu/libg.a(lib_a-fflush.o)
                              /usr/lib/gcc/arm-none-eabi/5.4.1/../../../arm-none-eabi/lib/armv7e-m/fpu/libg.a(lib_a-setvbuf.o) (_fflush_r)
/usr/lib/gcc/arm-none-eabi/5.4.1/../../../arm-none-eabi/lib/armv7e-m/fpu/libg.a(lib_a-findfp.o)
[...]
Memory Configuration

Name             Origin             Length             Attributes
FLASH            0x0000000008000000 0x0000000000040000 xr
RAM              0x0000000020000000 0x000000000000a000 xrw
CCMRAM           0x0000000010000000 0x0000000000002000 rw
*default*        0x0000000000000000 0xffffffffffffffff

Linker script and memory map

LOAD /usr/lib/gcc/arm-none-eabi/5.4.1/armv7e-m/fpu/crti.o
LOAD /usr/lib/gcc/arm-none-eabi/5.4.1/armv7e-m/fpu/crtbegin.o
LOAD /usr/lib/gcc/arm-none-eabi/5.4.1/../../../arm-none-eabi/lib/armv7e-m/fpu/crt0.o
LOAD build/main.o
LOAD build/gpiocmd.o
LOAD build/mycode.o
LOAD build/mytest.o
LOAD build/monitor.o
LOAD build/parser.o
LOAD build/dump.o
LOAD build/syscall.o
LOAD build/terminal.o
LOAD build/decoder/decoder.o
LOAD build/decoder/STM32F30x_decoder.o
LOAD build/Drivers/CMSIS/Device/ST/STM32F3xx/Source/Templates/system_stm32f3xx.o
LOAD build/Drivers/STM32F3xx_HAL_Driver/Src/stm32f3xx_hal_rcc.o
LOAD build/Drivers/STM32F3xx_HAL_Driver/Src/stm32f3xx_hal.o
LOAD build/Drivers/STM32F3xx_HAL_Driver/Src/stm32f3xx_hal_cortex.o
LOAD build/Drivers/STM32F3xx_HAL_Driver/Src/stm32f3xx_hal_uart.o
LOAD build/Drivers/STM32F3xx_HAL_Driver/Src/stm32f3xx_hal_gpio.o
LOAD build/Drivers/STM32F3xx_HAL_Driver/Src/stm32f3xx_hal_pcd.o
LOAD build/Drivers/STM32F3xx_HAL_Driver/Src/stm32f3xx_hal_pcd_ex.o
LOAD build/Drivers/STM32F3xx_HAL_Driver/Src/stm32f3xx_hal_i2c.o
LOAD build/Drivers/STM32F3xx_HAL_Driver/Src/stm32f3xx_hal_spi.o
LOAD build/Drivers/STM32_USB_Device_Library/Core/Src/usbd_core.o
LOAD build/Drivers/STM32_USB_Device_Library/Core/Src/usbd_ctlreq.o
LOAD build/Drivers/STM32_USB_Device_Library/Core/Src/usbd_ioreq.o
LOAD build/Drivers/STM32_USB_Device_Library/Class/CDC/Src/usbd_cdc.o
LOAD build/usbd_conf.o
LOAD build/usbd_desc.o
LOAD build/usbd_cdc_interface.o
LOAD build/Drivers/BSP/STM32F3-Discovery/stm32f3_discovery.o
LOAD build/Drivers/BSP/STM32F3-Discovery/stm32f3_discovery_accelerometer.o
LOAD build/Drivers/BSP/STM32F3-Discovery/stm32f3_discovery_gyroscope.o
LOAD build/Drivers/BSP/Components/lsm303dlhc/lsm303dlhc.o
LOAD build/Drivers/BSP/Components/l3gd20/l3gd20.o
LOAD build/Drivers/CMSIS/Device/ST/STM32F3xx/Source/Templates/gcc/startup_stm32f303xc.o
START GROUP
LOAD /usr/lib/gcc/arm-none-eabi/5.4.1/armv7e-m/fpu/libgcc.a
LOAD /usr/lib/gcc/arm-none-eabi/5.4.1/../../../arm-none-eabi/lib/armv7e-m/fpu/libg.a
LOAD /usr/lib/gcc/arm-none-eabi/5.4.1/../../../arm-none-eabi/lib/armv7e-m/fpu/libc.a
END GROUP
LOAD /usr/lib/gcc/arm-none-eabi/5.4.1/armv7e-m/fpu/crtend.o
LOAD /usr/lib/gcc/arm-none-eabi/5.4.1/armv7e-m/fpu/crtn.o
                0x0000000020008000                _estack = 0x20008000
                0x0000000000001000                _Min_Heap_Size = 0x1000
                0x0000000000000400                _Min_Stack_Size = 0x400

.isr_vector     0x0000000008000000      0x188
                0x0000000008000000                . = ALIGN (0x4)
 *(.isr_vector)
 .isr_vector    0x0000000008000000      0x188 build/Drivers/CMSIS/Device/ST/STM32F3xx/Source/Templates/gcc/startup_stm32f303xc.o
                0x0000000008000000                g_pfnVectors
                0x0000000008000188                . = ALIGN (0x4)

.text           0x00000000080001c0     0xbfc8
                0x00000000080001c0                . = ALIGN (0x4)
 *(.text)
 .text          0x00000000080001c0       0xa4 /usr/lib/gcc/arm-none-eabi/5.4.1/armv7e-m/fpu/crtbegin.o
 .text          0x0000000008000264       0x38 build/mycode.o
                0x0000000008000264                mytest
                0x000000000800027c                my_Tick
                0x0000000008000290                my_Loop
                0x0000000008000294                my_Init
 .text          0x000000000800029c        0xc /usr/lib/gcc/arm-none-eabi/5.4.1/../../../arm-none-eabi/lib/armv7e-m/fpu/libg.a(lib_a-atexit.o)
                0x000000000800029c                atexit
 .text          0x00000000080002a8        0xc /usr/lib/gcc/arm-none-eabi/5.4.1/../../../arm-none-eabi/lib/armv7e-m/fpu/libg.a(lib_a-errno.o)
                0x00000000080002a8                __errno
 .text          0x00000000080002b4       0x28 /usr/lib/gcc/arm-none-eabi/5.4.1/../../../arm-none-eabi/lib/armv7e-m/fpu/libg.a(lib_a-fini.o)
                0x00000000080002b4                __libc_fini_array
 .text          0x00000000080002dc       0x50 /usr/lib/gcc/arm-none-eabi/5.4.1/../../../arm-none-eabi/lib/armv7e-m/fpu/libg.a(lib_a-init.o)
                0x00000000080002dc                __libc_init_array
 .text          0x000000000800032c       0x9c /usr/lib/gcc/arm-none-eabi/5.4.1/../../../arm-none-eabi/lib/armv7e-m/fpu/libg.a(lib_a-memset.o)
                0x000000000800032c                memset
 .text          0x00000000080003c8       0x48 /usr/lib/gcc/arm-none-eabi/5.4.1/../../../arm-none-eabi/lib/armv7e-m/fpu/libg.a(lib_a-printf.o)
                0x00000000080003c8                _printf_r
                0x00000000080003e8                printf
 .text          0x0000000008000410       0x1c /usr/lib/gcc/arm-none-eabi/5.4.1/../../../arm-none-eabi/lib/armv7e-m/fpu/libg.a(lib_a-putchar.o)
                0x0000000008000410                _putchar_r
                0x0000000008000418                putchar
 .text          0x000000000800042c       0x78 /usr/lib/gcc/arm-none-eabi/5.4.1/../../../arm-none-eabi/lib/armv7e-m/fpu/libg.a(lib_a-puts.o)
                0x000000000800042c                _puts_r
                0x0000000008000494                puts
 .text          0x00000000080004a4      0x150 /usr/lib/gcc/arm-none-eabi/5.4.1/../../../arm-none-eabi/lib/armv7e-m/fpu/libg.a(lib_a-setvbuf.o)
                0x00000000080004a4                setvbuf
 .text          0x00000000080005f4       0x4c /usr/lib/gcc/arm-none-eabi/5.4.1/../../../arm-none-eabi/lib/armv7e-m/fpu/libg.a(lib_a-strcasecmp.o)
                0x00000000080005f4                strcasecmp
 .text          0x0000000008000640       0xbc /usr/lib/gcc/arm-none-eabi/5.4.1/../../../arm-none-eabi/lib/armv7e-m/fpu/libg.a(lib_a-strcpy.o)
                0x0000000008000640                strcpy
 *fill*         0x00000000080006fc        0x4 
 .text          0x0000000008000700       0xdc /usr/lib/gcc/arm-none-eabi/5.4.1/../../../arm-none-eabi/lib/armv7e-m/fpu/libg.a(lib_a-strlen.o)
                0x0000000008000700                strlen
 .text          0x00000000080007dc       0x10 /usr/lib/gcc/arm-none-eabi/5.4.1/../../../arm-none-eabi/lib/armv7e-m/fpu/libg.a(lib_a-strtok.o)
                0x00000000080007dc                strtok
 .text          0x00000000080007ec       0x6c /usr/lib/gcc/arm-none-eabi/5.4.1/../../../arm-none-eabi/lib/armv7e-m/fpu/libg.a(lib_a-strtok_r.o)
                0x00000000080007ec                __strtok_r
                0x0000000008000850                strtok_r
 .text          0x0000000008000858      0x14c /usr/lib/gcc/arm-none-eabi/5.4.1/../../../arm-none-eabi/lib/armv7e-m/fpu/libg.a(lib_a-strtoul.o)
                0x0000000008000858                _strtoul_r
                0x000000000800098c                strtoul
 *fill*         0x00000000080009a4        0x4 
 .text          0x00000000080009a8     0x17ac /usr/lib/gcc/arm-none-eabi/5.4.1/../../../arm-none-eabi/lib/armv7e-m/fpu/libg.a(lib_a-vfprintf.o)
                0x00000000080009a8                _vfprintf_r
                0x00000000080020d0                vfprintf
 .text          0x0000000008002154       0xc8 /usr/lib/gcc/arm-none-eabi/5.4.1/../../../arm-none-eabi/lib/armv7e-m/fpu/libg.a(lib_a-wsetup.o)
                0x0000000008002154                __swsetup_r
 .text          0x000000000800221c       0xa4 /usr/lib/gcc/arm-none-eabi/5.4.1/../../../arm-none-eabi/lib/armv7e-m/fpu/libg.a(lib_a-__atexit.o)
                0x000000000800221c                __register_exitproc
 .text          0x00000000080022c0      0xf5c /usr/lib/gcc/arm-none-eabi/5.4.1/../../../arm-none-eabi/lib/armv7e-m/fpu/libg.a(lib_a-dtoa.o)
                0x00000000080023e8                _dtoa_r
 .text          0x000000000800321c      0x198 /usr/lib/gcc/arm-none-eabi/5.4.1/../../../arm-none-eabi/lib/armv7e-m/fpu/libg.a(lib_a-fflush.o)
                0x000000000800321c                __sflush_r
                0x0000000008003364                _fflush_r
                0x0000000008003390                fflush
 .text          0x00000000080033b4      0x210 /usr/lib/gcc/arm-none-eabi/5.4.1/../../../arm-none-eabi/lib/armv7e-m/fpu/libg.a(lib_a-findfp.o)
                0x00000000080033b8                _cleanup_r
                0x00000000080034b8                __sfmoreglue
                0x00000000080034e8                __sfp
                0x0000000008003570                _cleanup
                0x0000000008003584                __sinit
                0x000000000800358c                __sfp_lock_acquire
                0x0000000008003590                __sfp_lock_release
                0x0000000008003594                __sinit_lock_acquire
                0x0000000008003598                __sinit_lock_release
                0x000000000800359c                __fp_lock_all
                0x00000000080035b0                __fp_unlock_all
 .text          0x00000000080035c4      0x26c /usr/lib/gcc/arm-none-eabi/5.4.1/../../../arm-none-eabi/lib/armv7e-m/fpu/libg.a(lib_a-freer.o)
                0x00000000080035c4                _malloc_trim_r
                0x0000000008003660                _free_r
 .text          0x0000000008003830      0x304 /usr/lib/gcc/arm-none-eabi/5.4.1/../../../arm-none-eabi/lib/armv7e-m/fpu/libg.a(lib_a-fvwrite.o)
                0x0000000008003830                __sfvwrite_r
 .text          0x0000000008003b34       0xa0 /usr/lib/gcc/arm-none-eabi/5.4.1/../../../arm-none-eabi/lib/armv7e-m/fpu/libg.a(lib_a-fwalk.o)
                0x0000000008003b34                _fwalk
                0x0000000008003b80                _fwalk_reent
 .text          0x0000000008003bd4       0x80 /usr/lib/gcc/arm-none-eabi/5.4.1/../../../arm-none-eabi/lib/armv7e-m/fpu/libg.a(lib_a-locale.o)
                0x0000000008003bd4                _setlocale_r
                0x0000000008003c14                __locale_charset
                0x0000000008003c1c                __locale_mb_cur_max
                0x0000000008003c28                __locale_msgcharset
                0x0000000008003c30                __locale_cjk_lang
                0x0000000008003c34                _localeconv_r
                0x0000000008003c3c                setlocale
                0x0000000008003c4c                localeconv
 .text          0x0000000008003c54       0xe8 /usr/lib/gcc/arm-none-eabi/5.4.1/../../../arm-none-eabi/lib/armv7e-m/fpu/libg.a(lib_a-makebuf.o)
                0x0000000008003c54                __swhatbuf_r
                0x0000000008003cb4                __smakebuf_r
 .text          0x0000000008003d3c       0x20 /usr/lib/gcc/arm-none-eabi/5.4.1/../../../arm-none-eabi/lib/armv7e-m/fpu/libg.a(lib_a-malloc.o)
                0x0000000008003d3c                malloc
                0x0000000008003d4c                free
 .text          0x0000000008003d5c      0x56c /usr/lib/gcc/arm-none-eabi/5.4.1/../../../arm-none-eabi/lib/armv7e-m/fpu/libg.a(lib_a-mallocr.o)
                0x0000000008003d5c                _malloc_r
 *fill*         0x00000000080042c8        0x8 
 .text          0x00000000080042d0       0xa0 /usr/lib/gcc/arm-none-eabi/5.4.1/../../../arm-none-eabi/lib/armv7e-m/fpu/libg.a(lib_a-memchr.o)
                0x00000000080042d0                memchr
 .text          0x0000000008004370      0x134 /usr/lib/gcc/arm-none-eabi/5.4.1/../../../arm-none-eabi/lib/armv7e-m/fpu/libg.a(lib_a-memcpy.o)
                0x0000000008004370                memcpy
 .text          0x00000000080044a4       0xc8 /usr/lib/gcc/arm-none-eabi/5.4.1/../../../arm-none-eabi/lib/armv7e-m/fpu/libg.a(lib_a-memmove.o)
                0x00000000080044a4                memmove
 .text          0x000000000800456c        0x8 /usr/lib/gcc/arm-none-eabi/5.4.1/../../../arm-none-eabi/lib/armv7e-m/fpu/libg.a(lib_a-mlock.o)
                0x000000000800456c                __malloc_lock
                0x0000000008004570                __malloc_unlock
 .text          0x0000000008004574      0x920 /usr/lib/gcc/arm-none-eabi/5.4.1/../../../arm-none-eabi/lib/armv7e-m/fpu/libg.a(lib_a-mprec.o)
                0x0000000008004574                _Balloc
                0x00000000080045c0                _Bfree
                0x00000000080045d4                __multadd
                0x0000000008004654                __s2b
                0x00000000080046ec                __hi0bits
                0x000000000800472c                __lo0bits
                0x0000000008004788                __i2b
                0x000000000800479c                __multiply
                0x00000000080048cc                __pow5mult
                0x000000000800496c                __lshift
                0x0000000008004a1c                __mcmp
                0x0000000008004a60                __mdiff
                0x0000000008004b74                __ulp
                0x0000000008004bc8                __b2d
                0x0000000008004c98                __d2b
                0x0000000008004d54                __ratio
                0x0000000008004db4                _mprec_log10
                0x0000000008004dec                __copybits
                0x0000000008004e34                __any_on
 .text          0x0000000008004e94       0x90 /usr/lib/gcc/arm-none-eabi/5.4.1/../../../arm-none-eabi/lib/armv7e-m/fpu/libg.a(lib_a-putc.o)
                0x0000000008004e94                _putc_r
                0x0000000008004ed8                putc
 .text          0x0000000008004f24      0x3e0 /usr/lib/gcc/arm-none-eabi/5.4.1/../../../arm-none-eabi/lib/armv7e-m/fpu/libg.a(lib_a-reallocr.o)
                0x0000000008004f24                _realloc_r
 .text          0x0000000008005304       0x8c /usr/lib/gcc/arm-none-eabi/5.4.1/../../../arm-none-eabi/lib/armv7e-m/fpu/libg.a(lib_a-stdio.o)
                0x0000000008005304                __sread
                0x0000000008005328                __seofread
                0x000000000800532c                __swrite
                0x0000000008005368                __sseek
                0x0000000008005388                __sclose
 *fill*         0x0000000008005390       0x10 
 .text          0x00000000080053a0      0x2dc /usr/lib/gcc/arm-none-eabi/5.4.1/../../../arm-none-eabi/lib/armv7e-m/fpu/libg.a(lib_a-strcmp.o)
                0x00000000080053a8                strcmp
 .text          0x000000000800567c      0xf0c /usr/lib/gcc/arm-none-eabi/5.4.1/../../../arm-none-eabi/lib/armv7e-m/fpu/libg.a(lib_a-vfiprintf.o)
                0x00000000080056f4                __sprint_r
                0x0000000008005708                _vfiprintf_r
                0x0000000008006504                vfiprintf
 .text          0x0000000008006588       0xbc /usr/lib/gcc/arm-none-eabi/5.4.1/../../../arm-none-eabi/lib/armv7e-m/fpu/libg.a(lib_a-wbuf.o)
                0x0000000008006588                __swbuf_r
                0x0000000008006634                __swbuf
 .text          0x0000000008006644       0x60 /usr/lib/gcc/arm-none-eabi/5.4.1/../../../arm-none-eabi/lib/armv7e-m/fpu/libg.a(lib_a-callocr.o)
                0x0000000008006644                _calloc_r
 .text          0x00000000080066a4       0x94 /usr/lib/gcc/arm-none-eabi/5.4.1/../../../arm-none-eabi/lib/armv7e-m/fpu/libg.a(lib_a-fclose.o)
                0x00000000080066a4                _fclose_r
                0x0000000008006728                fclose
 .text          0x0000000008006738      0x100 /usr/lib/gcc/arm-none-eabi/5.4.1/../../../arm-none-eabi/lib/armv7e-m/fpu/libg.a(lib_a-fputwc.o)
                0x0000000008006738                __fputwc
                0x00000000080067d0                _fputwc_r
                0x00000000080067f8                fputwc
 .text          0x0000000008006838       0xac /usr/lib/gcc/arm-none-eabi/5.4.1/../../../arm-none-eabi/lib/armv7e-m/fpu/libg.a(lib_a-wcrtomb.o)
                0x0000000008006838                _wcrtomb_r
                0x000000000800688c                wcrtomb
 .text          0x00000000080068e4       0x4c /usr/lib/gcc/arm-none-eabi/5.4.1/../../../arm-none-eabi/lib/armv7e-m/fpu/libg.a(lib_a-wctomb_r.o)
                0x00000000080068e4                __ascii_wctomb
                0x0000000008006900                _wctomb_r
 .text          0x0000000008006930      0x370 /usr/lib/gcc/arm-none-eabi/5.4.1/armv7e-m/fpu/libgcc.a(_arm_addsubdf3.o)
                0x0000000008006930                __aeabi_drsub
                0x0000000008006938                __aeabi_dsub
                0x0000000008006938                __subdf3
                0x000000000800693c                __adddf3
                0x000000000800693c                __aeabi_dadd
                0x0000000008006bb4                __aeabi_ui2d
                0x0000000008006bb4                __floatunsidf
                0x0000000008006bd4                __floatsidf
                0x0000000008006bd4                __aeabi_i2d
                0x0000000008006bf8                __extendsfdf2
                0x0000000008006bf8                __aeabi_f2d
                0x0000000008006c34                __aeabi_ul2d
                0x0000000008006c34                __floatundidf
                0x0000000008006c44                __floatdidf
                0x0000000008006c44                __aeabi_l2d
 .text          0x0000000008006ca0      0x424 /usr/lib/gcc/arm-none-eabi/5.4.1/armv7e-m/fpu/libgcc.a(_arm_muldivdf3.o)
                0x0000000008006ca0                __aeabi_dmul
                0x0000000008006ca0                __muldf3
                0x0000000008006ef4                __aeabi_ddiv
                0x0000000008006ef4                __divdf3
 .text          0x00000000080070c4      0x110 /usr/lib/gcc/arm-none-eabi/5.4.1/armv7e-m/fpu/libgcc.a(_arm_cmpdf2.o)
                0x00000000080070c4                __gtdf2
                0x00000000080070c4                __gedf2
                0x00000000080070cc                __ltdf2
                0x00000000080070cc                __ledf2
                0x00000000080070d4                __cmpdf2
                0x00000000080070d4                __eqdf2
                0x00000000080070d4                __nedf2
                0x0000000008007150                __aeabi_cdrcmple
                0x0000000008007160                __aeabi_cdcmple
                0x0000000008007160                __aeabi_cdcmpeq
                0x0000000008007170                __aeabi_dcmpeq
                0x0000000008007184                __aeabi_dcmplt
                0x0000000008007198                __aeabi_dcmple
                0x00000000080071ac                __aeabi_dcmpge
                0x00000000080071c0                __aeabi_dcmpgt
 .text          0x00000000080071d4       0x2c /usr/lib/gcc/arm-none-eabi/5.4.1/armv7e-m/fpu/libgcc.a(_arm_unorddf2.o)
                0x00000000080071d4                __aeabi_dcmpun
                0x00000000080071d4                __unorddf2
 .text          0x0000000008007200       0x50 /usr/lib/gcc/arm-none-eabi/5.4.1/armv7e-m/fpu/libgcc.a(_arm_fixdfsi.o)
                0x0000000008007200                __fixdfsi
                0x0000000008007200                __aeabi_d2iz
 .text          0x0000000008007250       0x30 /usr/lib/gcc/arm-none-eabi/5.4.1/armv7e-m/fpu/libgcc.a(_aeabi_uldivmod.o)
                0x0000000008007250                __aeabi_uldivmod
 .text          0x0000000008007280      0x2e4 /usr/lib/gcc/arm-none-eabi/5.4.1/armv7e-m/fpu/libgcc.a(_udivmoddi4.o)
                0x0000000008007280                __udivmoddi4
 .text          0x0000000008007564        0x4 /usr/lib/gcc/arm-none-eabi/5.4.1/armv7e-m/fpu/libgcc.a(_dvmd_tls.o)
                0x0000000008007564                __aeabi_ldiv0
                0x0000000008007564                __aeabi_idiv0
 *(.text*)
 .text.CmdLED   0x0000000008007568       0x5c build/main.o
                0x0000000008007568                CmdLED
 .text.CmdAccel
                0x00000000080075c4       0x28 build/main.o
                0x00000000080075c4                CmdAccel
 .text.CmdGyro  0x00000000080075ec       0x54 build/main.o
                0x00000000080075ec                CmdGyro
 .text.CmdButton
                0x0000000008007640       0x2c build/main.o
                0x0000000008007640                CmdButton
 .text.Error_Handler
                0x000000000800766c        0xa build/main.o
                0x000000000800766c                Error_Handler
 *fill*         0x0000000008007676        0x2 
 .text.startup.main
                0x0000000008007678       0x94 build/main.o
                0x0000000008007678                main
 .text.SysTick_Handler
                0x000000000800770c        0xe build/main.o
                0x000000000800770c                SysTick_Handler
 *fill*         0x000000000800771a        0x2 
 .text.CMD_GPIO_INIT
                0x000000000800771c      0x14c build/gpiocmd.o
                0x000000000800771c                CMD_GPIO_INIT
 .text.CMD_GPIO_TOGGLE
                0x0000000008007868      0x118 build/gpiocmd.o
                0x0000000008007868                CMD_GPIO_TOGGLE
 .text.CmdTest  0x0000000008007980       0x30 build/mytest.o
                0x0000000008007980                CmdTest
 .text.CmdW     0x00000000080079b0       0x1c build/monitor.o
                0x00000000080079b0                CmdW
 .text.CmdR     0x00000000080079cc       0x20 build/monitor.o
                0x00000000080079cc                CmdR
 .text.parse    0x00000000080079ec      0x10c build/parser.o
                0x00000000080079ec                parse
 .text.TaskInput
                0x0000000008007af8      0x130 build/parser.o
                0x0000000008007af8                TaskInput
 .text.fetch_uint32_arg
                0x0000000008007c28       0x28 build/parser.o
                0x0000000008007c28                fetch_uint32_arg
 .text.fetch_string_arg
                0x0000000008007c50       0x20 build/parser.o
                0x0000000008007c50                fetch_string_arg
 .text.DumpBuffer
                0x0000000008007c70       0xb8 build/dump.o
                0x0000000008007c70                DumpBuffer
 .text.CmdDump  0x0000000008007d28       0x54 build/dump.o
                0x0000000008007d28                CmdDump
 .text._sbrk_r  0x0000000008007d7c       0x34 build/syscall.o
                0x0000000008007d7c                _sbrk_r
 .text._close_r
                0x0000000008007db0        0x6 build/syscall.o
                0x0000000008007db0                _close_r
 .text._fstat_r
                0x0000000008007db6        0xa build/syscall.o
                0x0000000008007db6                _fstat_r
 .text._isatty_r
                0x0000000008007dc0        0x4 build/syscall.o
                0x0000000008007dc0                _isatty_r
 .text._lseek_r
                0x0000000008007dc4        0x4 build/syscall.o
                0x0000000008007dc4                _lseek_r
 .text.USBD_CDC_DataIn
                0x0000000008007dc8       0x80 build/terminal.o
 .text.CmdStats
                0x0000000008007e48       0x48 build/terminal.o
                0x0000000008007e48                CmdStats
 .text.TerminalInit
                0x0000000008007e90       0x7c build/terminal.o
                0x0000000008007e90                TerminalInit
 .text.TerminalRead
                0x0000000008007f0c       0x4c build/terminal.o
                0x0000000008007f0c                TerminalRead
 .text._read_r  0x0000000008007f58        0xa build/terminal.o
                0x0000000008007f58                _read_r
 .text.TerminalReadNonBlock
                0x0000000008007f62       0x10 build/terminal.o
                0x0000000008007f62                TerminalReadNonBlock
 .text.TerminalReadAnyNonBlock
                0x0000000008007f72       0x12 build/terminal.o
                0x0000000008007f72                TerminalReadAnyNonBlock
 .text.TerminalOutputBufferWrite
                0x0000000008007f84       0xe8 build/terminal.o
                0x0000000008007f84                TerminalOutputBufferWrite
 .text._write_r
                0x000000000800806c       0x38 build/terminal.o
                0x000000000800806c                _write_r
 .text.TerminalInputBufferWrite
                0x00000000080080a4       0x64 build/terminal.o
                0x00000000080080a4                TerminalInputBufferWrite
 .text.USB_LP_CAN_RX0_IRQHandler
                0x0000000008008108        0xc build/terminal.o
                0x0000000008008108                USB_LP_CAN_RX0_IRQHandler
 .text.Uncompress
                0x0000000008008114       0x78 build/decoder/decoder.o
 .text.DecodeReadRegister
                0x000000000800818c       0x58 build/decoder/decoder.o
                0x000000000800818c                DecodeReadRegister
 .text.DecodeWriteRegister
                0x00000000080081e4       0x54 build/decoder/decoder.o
                0x00000000080081e4                DecodeWriteRegister
 .text.DecodeField
                0x0000000008008238       0x50 build/decoder/decoder.o
                0x0000000008008238                DecodeField
 .text.DecodeRegister
                0x0000000008008288       0x64 build/decoder/decoder.o
                0x0000000008008288                DecodeRegister
 .text.DecodePeripheral
                0x00000000080082ec       0x4c build/decoder/decoder.o
                0x00000000080082ec                DecodePeripheral
 .text.DecodePrintPeripherals
                0x0000000008008338       0x48 build/decoder/decoder.o
                0x0000000008008338                DecodePrintPeripherals
 .text.DecodePrintRegisters
                0x0000000008008380       0x58 build/decoder/decoder.o
                0x0000000008008380                DecodePrintRegisters
 .text.CmdDecode
                0x00000000080083d8      0x270 build/decoder/decoder.o
                0x00000000080083d8                CmdDecode
 .text.SystemInit
                0x0000000008008648       0x68 build/Drivers/CMSIS/Device/ST/STM32F3xx/Source/Templates/system_stm32f3xx.o
                0x0000000008008648                SystemInit
 .text.HAL_RCC_OscConfig
                0x00000000080086b0      0x5dc build/Drivers/STM32F3xx_HAL_Driver/Src/stm32f3xx_hal_rcc.o
                0x00000000080086b0                HAL_RCC_OscConfig
 .text.HAL_RCC_ClockConfig
                0x0000000008008c8c      0x2c0 build/Drivers/STM32F3xx_HAL_Driver/Src/stm32f3xx_hal_rcc.o
                0x0000000008008c8c                HAL_RCC_ClockConfig
 .text.HAL_RCC_GetSysClockFreq
                0x0000000008008f4c       0x6c build/Drivers/STM32F3xx_HAL_Driver/Src/stm32f3xx_hal_rcc.o
                0x0000000008008f4c                HAL_RCC_GetSysClockFreq
 .text.HAL_RCC_GetHCLKFreq
                0x0000000008008fb8       0x38 build/Drivers/STM32F3xx_HAL_Driver/Src/stm32f3xx_hal_rcc.o
                0x0000000008008fb8                HAL_RCC_GetHCLKFreq
 .text.HAL_MspInit
                0x0000000008008ff0        0x2 build/Drivers/STM32F3xx_HAL_Driver/Src/stm32f3xx_hal.o
                0x0000000008008ff0                HAL_MspInit
 .text.HAL_InitTick
                0x0000000008008ff2       0x24 build/Drivers/STM32F3xx_HAL_Driver/Src/stm32f3xx_hal.o
                0x0000000008008ff2                HAL_InitTick
 *fill*         0x0000000008009016        0x2 
 .text.HAL_Init
                0x0000000008009018       0x24 build/Drivers/STM32F3xx_HAL_Driver/Src/stm32f3xx_hal.o
                0x0000000008009018                HAL_Init
 .text.HAL_IncTick
                0x000000000800903c       0x10 build/Drivers/STM32F3xx_HAL_Driver/Src/stm32f3xx_hal.o
                0x000000000800903c                HAL_IncTick
 .text.HAL_GetTick
                0x000000000800904c        0xc build/Drivers/STM32F3xx_HAL_Driver/Src/stm32f3xx_hal.o
                0x000000000800904c                HAL_GetTick
 .text.HAL_Delay
                0x0000000008009058       0x1a build/Drivers/STM32F3xx_HAL_Driver/Src/stm32f3xx_hal.o
                0x0000000008009058                HAL_Delay
 *fill*         0x0000000008009072        0x2 
 .text.HAL_NVIC_SetPriorityGrouping
                0x0000000008009074       0x24 build/Drivers/STM32F3xx_HAL_Driver/Src/stm32f3xx_hal_cortex.o
                0x0000000008009074                HAL_NVIC_SetPriorityGrouping
 .text.HAL_NVIC_SetPriority
                0x0000000008009098       0x68 build/Drivers/STM32F3xx_HAL_Driver/Src/stm32f3xx_hal_cortex.o
                0x0000000008009098                HAL_NVIC_SetPriority
 .text.HAL_NVIC_EnableIRQ
                0x0000000008009100       0x18 build/Drivers/STM32F3xx_HAL_Driver/Src/stm32f3xx_hal_cortex.o
                0x0000000008009100                HAL_NVIC_EnableIRQ
 .text.HAL_SYSTICK_Config
                0x0000000008009118       0x2c build/Drivers/STM32F3xx_HAL_Driver/Src/stm32f3xx_hal_cortex.o
                0x0000000008009118                HAL_SYSTICK_Config
 .text.HAL_GPIO_Init
                0x0000000008009144      0x18c build/Drivers/STM32F3xx_HAL_Driver/Src/stm32f3xx_hal_gpio.o
                0x0000000008009144                HAL_GPIO_Init
 .text.HAL_GPIO_ReadPin
                0x00000000080092d0        0xc build/Drivers/STM32F3xx_HAL_Driver/Src/stm32f3xx_hal_gpio.o
                0x00000000080092d0                HAL_GPIO_ReadPin
 .text.HAL_GPIO_WritePin
                0x00000000080092dc        0xa build/Drivers/STM32F3xx_HAL_Driver/Src/stm32f3xx_hal_gpio.o
                0x00000000080092dc                HAL_GPIO_WritePin
 .text.HAL_GPIO_TogglePin
                0x00000000080092e6        0x8 build/Drivers/STM32F3xx_HAL_Driver/Src/stm32f3xx_hal_gpio.o
                0x00000000080092e6                HAL_GPIO_TogglePin
 .text.HAL_PCD_Init
                0x00000000080092ee       0x9c build/Drivers/STM32F3xx_HAL_Driver/Src/stm32f3xx_hal_pcd.o
                0x00000000080092ee                HAL_PCD_Init
 .text.HAL_PCD_Start
                0x000000000800938a        0xc build/Drivers/STM32F3xx_HAL_Driver/Src/stm32f3xx_hal_pcd.o
                0x000000000800938a                HAL_PCD_Start
 .text.HAL_PCD_SetAddress
                0x0000000008009396       0x2c build/Drivers/STM32F3xx_HAL_Driver/Src/stm32f3xx_hal_pcd.o
                0x0000000008009396                HAL_PCD_SetAddress
 .text.HAL_PCD_EP_Open
                0x00000000080093c2      0x336 build/Drivers/STM32F3xx_HAL_Driver/Src/stm32f3xx_hal_pcd.o
                0x00000000080093c2                HAL_PCD_EP_Open
 .text.HAL_PCD_EP_Close
                0x00000000080096f8      0x1ae build/Drivers/STM32F3xx_HAL_Driver/Src/stm32f3xx_hal_pcd.o
                0x00000000080096f8                HAL_PCD_EP_Close
 .text.HAL_PCD_EP_Receive
                0x00000000080098a6       0xfa build/Drivers/STM32F3xx_HAL_Driver/Src/stm32f3xx_hal_pcd.o
                0x00000000080098a6                HAL_PCD_EP_Receive
 .text.HAL_PCD_EP_GetRxCount
                0x00000000080099a0       0x10 build/Drivers/STM32F3xx_HAL_Driver/Src/stm32f3xx_hal_pcd.o
                0x00000000080099a0                HAL_PCD_EP_GetRxCount
 .text.HAL_PCD_EP_Transmit
                0x00000000080099b0      0x178 build/Drivers/STM32F3xx_HAL_Driver/Src/stm32f3xx_hal_pcd.o
                0x00000000080099b0                HAL_PCD_EP_Transmit
 .text.HAL_PCD_IRQHandler
                0x0000000008009b28      0x482 build/Drivers/STM32F3xx_HAL_Driver/Src/stm32f3xx_hal_pcd.o
                0x0000000008009b28                HAL_PCD_IRQHandler
 .text.HAL_PCD_EP_SetStall
                0x0000000008009faa       0x9e build/Drivers/STM32F3xx_HAL_Driver/Src/stm32f3xx_hal_pcd.o
                0x0000000008009faa                HAL_PCD_EP_SetStall
 .text.HAL_PCD_EP_ClrStall
                0x000000000800a048       0xc6 build/Drivers/STM32F3xx_HAL_Driver/Src/stm32f3xx_hal_pcd.o
                0x000000000800a048                HAL_PCD_EP_ClrStall
 .text.HAL_PCDEx_PMAConfig
                0x000000000800a10e       0x34 build/Drivers/STM32F3xx_HAL_Driver/Src/stm32f3xx_hal_pcd_ex.o
                0x000000000800a10e                HAL_PCDEx_PMAConfig
 .text.PCD_WritePMA
                0x000000000800a142       0x22 build/Drivers/STM32F3xx_HAL_Driver/Src/stm32f3xx_hal_pcd_ex.o
                0x000000000800a142                PCD_WritePMA
 .text.PCD_ReadPMA
                0x000000000800a164       0x22 build/Drivers/STM32F3xx_HAL_Driver/Src/stm32f3xx_hal_pcd_ex.o
                0x000000000800a164                PCD_ReadPMA
 .text.HAL_PCDEx_SetConnectionState
                0x000000000800a186        0x2 build/Drivers/STM32F3xx_HAL_Driver/Src/stm32f3xx_hal_pcd_ex.o
                0x000000000800a186                HAL_PCDEx_SetConnectionState
 .text.I2C_TransferConfig
                0x000000000800a188       0x24 build/Drivers/STM32F3xx_HAL_Driver/Src/stm32f3xx_hal_i2c.o
 .text.I2C_IsAcknowledgeFailed
                0x000000000800a1ac       0x90 build/Drivers/STM32F3xx_HAL_Driver/Src/stm32f3xx_hal_i2c.o
 .text.I2C_WaitOnFlagUntilTimeout
                0x000000000800a23c       0x68 build/Drivers/STM32F3xx_HAL_Driver/Src/stm32f3xx_hal_i2c.o
 .text.I2C_WaitOnSTOPFlagUntilTimeout
                0x000000000800a2a4       0x50 build/Drivers/STM32F3xx_HAL_Driver/Src/stm32f3xx_hal_i2c.o
 .text.I2C_WaitOnTXISFlagUntilTimeout
                0x000000000800a2f4       0x54 build/Drivers/STM32F3xx_HAL_Driver/Src/stm32f3xx_hal_i2c.o
 .text.I2C_RequestMemoryWrite
                0x000000000800a348       0x62 build/Drivers/STM32F3xx_HAL_Driver/Src/stm32f3xx_hal_i2c.o
 .text.I2C_RequestMemoryRead
                0x000000000800a3aa       0x60 build/Drivers/STM32F3xx_HAL_Driver/Src/stm32f3xx_hal_i2c.o
 .text.HAL_I2C_MspInit
                0x000000000800a40a        0x2 build/Drivers/STM32F3xx_HAL_Driver/Src/stm32f3xx_hal_i2c.o
                0x000000000800a40a                HAL_I2C_MspInit
 .text.HAL_I2C_Init
                0x000000000800a40c       0x90 build/Drivers/STM32F3xx_HAL_Driver/Src/stm32f3xx_hal_i2c.o
                0x000000000800a40c                HAL_I2C_Init
 .text.HAL_I2C_MspDeInit
                0x000000000800a49c        0x2 build/Drivers/STM32F3xx_HAL_Driver/Src/stm32f3xx_hal_i2c.o
                0x000000000800a49c                HAL_I2C_MspDeInit
 .text.HAL_I2C_DeInit
                0x000000000800a49e       0x2e build/Drivers/STM32F3xx_HAL_Driver/Src/stm32f3xx_hal_i2c.o
                0x000000000800a49e                HAL_I2C_DeInit
 .text.HAL_I2C_Mem_Write
                0x000000000800a4cc      0x128 build/Drivers/STM32F3xx_HAL_Driver/Src/stm32f3xx_hal_i2c.o
                0x000000000800a4cc                HAL_I2C_Mem_Write
 .text.HAL_I2C_Mem_Read
                0x000000000800a5f4      0x134 build/Drivers/STM32F3xx_HAL_Driver/Src/stm32f3xx_hal_i2c.o
                0x000000000800a5f4                HAL_I2C_Mem_Read
 .text.HAL_I2C_GetState
                0x000000000800a728        0x6 build/Drivers/STM32F3xx_HAL_Driver/Src/stm32f3xx_hal_i2c.o
                0x000000000800a728                HAL_I2C_GetState
 .text.SPI_WaitFifoStateUntilTimeout.part.1
                0x000000000800a72e       0x50 build/Drivers/STM32F3xx_HAL_Driver/Src/stm32f3xx_hal_spi.o
 .text.SPI_WaitFlagStateUntilTimeout
                0x000000000800a77e       0x40 build/Drivers/STM32F3xx_HAL_Driver/Src/stm32f3xx_hal_spi.o
 .text.SPI_WaitFifoStateUntilTimeout
                0x000000000800a7be       0x50 build/Drivers/STM32F3xx_HAL_Driver/Src/stm32f3xx_hal_spi.o
 .text.SPI_EndRxTxTransaction
                0x000000000800a80e       0x42 build/Drivers/STM32F3xx_HAL_Driver/Src/stm32f3xx_hal_spi.o
 .text.HAL_SPI_MspInit
                0x000000000800a850        0x2 build/Drivers/STM32F3xx_HAL_Driver/Src/stm32f3xx_hal_spi.o
                0x000000000800a850                HAL_SPI_MspInit
 .text.HAL_SPI_Init
                0x000000000800a852       0xa6 build/Drivers/STM32F3xx_HAL_Driver/Src/stm32f3xx_hal_spi.o
                0x000000000800a852                HAL_SPI_Init
 .text.HAL_SPI_MspDeInit
                0x000000000800a8f8        0x2 build/Drivers/STM32F3xx_HAL_Driver/Src/stm32f3xx_hal_spi.o
                0x000000000800a8f8                HAL_SPI_MspDeInit
 .text.HAL_SPI_DeInit
                0x000000000800a8fa       0x2e build/Drivers/STM32F3xx_HAL_Driver/Src/stm32f3xx_hal_spi.o
                0x000000000800a8fa                HAL_SPI_DeInit
 .text.HAL_SPI_TransmitReceive
                0x000000000800a928      0x288 build/Drivers/STM32F3xx_HAL_Driver/Src/stm32f3xx_hal_spi.o
                0x000000000800a928                HAL_SPI_TransmitReceive
 .text.HAL_SPI_GetState
                0x000000000800abb0        0x6 build/Drivers/STM32F3xx_HAL_Driver/Src/stm32f3xx_hal_spi.o
                0x000000000800abb0                HAL_SPI_GetState
 .text.USBD_Init
                0x000000000800abb6       0x2a build/Drivers/STM32_USB_Device_Library/Core/Src/usbd_core.o
                0x000000000800abb6                USBD_Init
 .text.USBD_RegisterClass
                0x000000000800abe0        0xe build/Drivers/STM32_USB_Device_Library/Core/Src/usbd_core.o
                0x000000000800abe0                USBD_RegisterClass
 .text.USBD_Start
                0x000000000800abee        0xa build/Drivers/STM32_USB_Device_Library/Core/Src/usbd_core.o
                0x000000000800abee                USBD_Start
 .text.USBD_SetClassConfig
                0x000000000800abf8       0x16 build/Drivers/STM32_USB_Device_Library/Core/Src/usbd_core.o
                0x000000000800abf8                USBD_SetClassConfig
 .text.USBD_ClrClassConfig
                0x000000000800ac0e        0xe build/Drivers/STM32_USB_Device_Library/Core/Src/usbd_core.o
                0x000000000800ac0e                USBD_ClrClassConfig
 .text.USBD_LL_SetupStage
                0x000000000800ac1c       0x5a build/Drivers/STM32_USB_Device_Library/Core/Src/usbd_core.o
                0x000000000800ac1c                USBD_LL_SetupStage
 .text.USBD_LL_DataOutStage
                0x000000000800ac76       0x62 build/Drivers/STM32_USB_Device_Library/Core/Src/usbd_core.o
                0x000000000800ac76                USBD_LL_DataOutStage
 .text.USBD_LL_DataInStage
                0x000000000800acd8       0x8a build/Drivers/STM32_USB_Device_Library/Core/Src/usbd_core.o
                0x000000000800acd8                USBD_LL_DataInStage
 .text.USBD_LL_Reset
                0x000000000800ad62       0x3e build/Drivers/STM32_USB_Device_Library/Core/Src/usbd_core.o
                0x000000000800ad62                USBD_LL_Reset
 .text.USBD_LL_SetSpeed
                0x000000000800ada0        0x6 build/Drivers/STM32_USB_Device_Library/Core/Src/usbd_core.o
                0x000000000800ada0                USBD_LL_SetSpeed
 .text.USBD_LL_SOF
                0x000000000800ada6       0x18 build/Drivers/STM32_USB_Device_Library/Core/Src/usbd_core.o
                0x000000000800ada6                USBD_LL_SOF
 .text.USBD_ParseSetupRequest
                0x000000000800adbe       0x28 build/Drivers/STM32_USB_Device_Library/Core/Src/usbd_ctlreq.o
                0x000000000800adbe                USBD_ParseSetupRequest
 .text.USBD_CtlError
                0x000000000800ade6       0x16 build/Drivers/STM32_USB_Device_Library/Core/Src/usbd_ctlreq.o
                0x000000000800ade6                USBD_CtlError
 .text.USBD_StdDevReq
                0x000000000800adfc      0x214 build/Drivers/STM32_USB_Device_Library/Core/Src/usbd_ctlreq.o
                0x000000000800adfc                USBD_StdDevReq
 .text.USBD_StdItfReq
                0x000000000800b010       0x30 build/Drivers/STM32_USB_Device_Library/Core/Src/usbd_ctlreq.o
                0x000000000800b010                USBD_StdItfReq
 .text.USBD_StdEPReq
                0x000000000800b040       0xb2 build/Drivers/STM32_USB_Device_Library/Core/Src/usbd_ctlreq.o
                0x000000000800b040                USBD_StdEPReq
 .text.USBD_GetString
                0x000000000800b0f2       0x38 build/Drivers/STM32_USB_Device_Library/Core/Src/usbd_ctlreq.o
                0x000000000800b0f2                USBD_GetString
 .text.USBD_CtlSendData
                0x000000000800b12a       0x1a build/Drivers/STM32_USB_Device_Library/Core/Src/usbd_ioreq.o
                0x000000000800b12a                USBD_CtlSendData
 .text.USBD_CtlContinueSendData
                0x000000000800b144       0x10 build/Drivers/STM32_USB_Device_Library/Core/Src/usbd_ioreq.o
                0x000000000800b144                USBD_CtlContinueSendData
 .text.USBD_CtlPrepareRx
                0x000000000800b154       0x1e build/Drivers/STM32_USB_Device_Library/Core/Src/usbd_ioreq.o
                0x000000000800b154                USBD_CtlPrepareRx
 .text.USBD_CtlContinueRx
                0x000000000800b172       0x10 build/Drivers/STM32_USB_Device_Library/Core/Src/usbd_ioreq.o
                0x000000000800b172                USBD_CtlContinueRx
 .text.USBD_CtlSendStatus
                0x000000000800b182       0x16 build/Drivers/STM32_USB_Device_Library/Core/Src/usbd_ioreq.o
                0x000000000800b182                USBD_CtlSendStatus
 .text.USBD_CtlReceiveStatus
                0x000000000800b198       0x16 build/Drivers/STM32_USB_Device_Library/Core/Src/usbd_ioreq.o
                0x000000000800b198                USBD_CtlReceiveStatus
 .text.USBD_CDC_DataIn
                0x000000000800b1ae       0x12 build/Drivers/STM32_USB_Device_Library/Class/CDC/Src/usbd_cdc.o
 .text.USBD_CDC_EP0_RxReady
                0x000000000800b1c0       0x28 build/Drivers/STM32_USB_Device_Library/Class/CDC/Src/usbd_cdc.o
 .text.USBD_CDC_GetFSCfgDesc
                0x000000000800b1e8        0xc build/Drivers/STM32_USB_Device_Library/Class/CDC/Src/usbd_cdc.o
 .text.USBD_CDC_GetHSCfgDesc
                0x000000000800b1f4        0xc build/Drivers/STM32_USB_Device_Library/Class/CDC/Src/usbd_cdc.o
 .text.USBD_CDC_GetOtherSpeedCfgDesc
                0x000000000800b200        0xc build/Drivers/STM32_USB_Device_Library/Class/CDC/Src/usbd_cdc.o
 .text.USBD_CDC_GetDeviceQualifierDescriptor
                0x000000000800b20c        0xc build/Drivers/STM32_USB_Device_Library/Class/CDC/Src/usbd_cdc.o
                0x000000000800b20c                USBD_CDC_GetDeviceQualifierDescriptor
 .text.USBD_CDC_DataOut
                0x000000000800b218       0x2e build/Drivers/STM32_USB_Device_Library/Class/CDC/Src/usbd_cdc.o
 .text.USBD_CDC_Setup
                0x000000000800b246       0x5a build/Drivers/STM32_USB_Device_Library/Class/CDC/Src/usbd_cdc.o
 .text.USBD_CDC_DeInit
                0x000000000800b2a0       0x3a build/Drivers/STM32_USB_Device_Library/Class/CDC/Src/usbd_cdc.o
 .text.USBD_CDC_Init
                0x000000000800b2da       0x8c build/Drivers/STM32_USB_Device_Library/Class/CDC/Src/usbd_cdc.o
 .text.USBD_CDC_RegisterInterface
                0x000000000800b366        0xe build/Drivers/STM32_USB_Device_Library/Class/CDC/Src/usbd_cdc.o
                0x000000000800b366                USBD_CDC_RegisterInterface
 .text.USBD_CDC_SetTxBuffer
                0x000000000800b374       0x10 build/Drivers/STM32_USB_Device_Library/Class/CDC/Src/usbd_cdc.o
                0x000000000800b374                USBD_CDC_SetTxBuffer
 .text.USBD_CDC_SetRxBuffer
                0x000000000800b384        0xc build/Drivers/STM32_USB_Device_Library/Class/CDC/Src/usbd_cdc.o
                0x000000000800b384                USBD_CDC_SetRxBuffer
 .text.USBD_CDC_TransmitPacket
                0x000000000800b390       0x2e build/Drivers/STM32_USB_Device_Library/Class/CDC/Src/usbd_cdc.o
                0x000000000800b390                USBD_CDC_TransmitPacket
 .text.USBD_CDC_ReceivePacket
                0x000000000800b3be       0x26 build/Drivers/STM32_USB_Device_Library/Class/CDC/Src/usbd_cdc.o
                0x000000000800b3be                USBD_CDC_ReceivePacket
 .text.HAL_PCD_MspInit
                0x000000000800b3e4       0x9c build/usbd_conf.o
                0x000000000800b3e4                HAL_PCD_MspInit
 .text.HAL_PCD_SetupStageCallback
                0x000000000800b480        0xc build/usbd_conf.o
                0x000000000800b480                HAL_PCD_SetupStageCallback
 .text.HAL_PCD_DataOutStageCallback
                0x000000000800b48c       0x12 build/usbd_conf.o
                0x000000000800b48c                HAL_PCD_DataOutStageCallback
 .text.HAL_PCD_DataInStageCallback
                0x000000000800b49e       0x10 build/usbd_conf.o
                0x000000000800b49e                HAL_PCD_DataInStageCallback
 .text.HAL_PCD_SOFCallback
                0x000000000800b4ae        0x8 build/usbd_conf.o
                0x000000000800b4ae                HAL_PCD_SOFCallback
 .text.HAL_PCD_ResetCallback
                0x000000000800b4b6       0x1a build/usbd_conf.o
                0x000000000800b4b6                HAL_PCD_ResetCallback
 .text.HAL_PCD_SuspendCallback
                0x000000000800b4d0        0x2 build/usbd_conf.o
                0x000000000800b4d0                HAL_PCD_SuspendCallback
 .text.HAL_PCD_ResumeCallback
                0x000000000800b4d2        0x2 build/usbd_conf.o
                0x000000000800b4d2                HAL_PCD_ResumeCallback
 .text.USBD_LL_Init
                0x000000000800b4d4       0x7c build/usbd_conf.o
                0x000000000800b4d4                USBD_LL_Init
 .text.USBD_LL_Start
                0x000000000800b550        0xe build/usbd_conf.o
                0x000000000800b550                USBD_LL_Start
 .text.USBD_LL_OpenEP
                0x000000000800b55e       0x14 build/usbd_conf.o
                0x000000000800b55e                USBD_LL_OpenEP
 .text.USBD_LL_CloseEP
                0x000000000800b572        0xe build/usbd_conf.o
                0x000000000800b572                USBD_LL_CloseEP
 .text.USBD_LL_StallEP
                0x000000000800b580        0xe build/usbd_conf.o
                0x000000000800b580                USBD_LL_StallEP
 .text.USBD_LL_ClearStallEP
                0x000000000800b58e        0xe build/usbd_conf.o
                0x000000000800b58e                USBD_LL_ClearStallEP
 .text.USBD_LL_IsStallEP
                0x000000000800b59c       0x26 build/usbd_conf.o
                0x000000000800b59c                USBD_LL_IsStallEP
 .text.USBD_LL_SetUSBAddress
                0x000000000800b5c2        0xe build/usbd_conf.o
                0x000000000800b5c2                USBD_LL_SetUSBAddress
 .text.USBD_LL_Transmit
                0x000000000800b5d0        0xe build/usbd_conf.o
                0x000000000800b5d0                USBD_LL_Transmit
 .text.USBD_LL_PrepareReceive
                0x000000000800b5de        0xe build/usbd_conf.o
                0x000000000800b5de                USBD_LL_PrepareReceive
 .text.USBD_LL_GetRxDataSize
                0x000000000800b5ec        0xc build/usbd_conf.o
                0x000000000800b5ec                USBD_LL_GetRxDataSize
 .text.USBD_static_malloc
                0x000000000800b5f8        0x8 build/usbd_conf.o
                0x000000000800b5f8                USBD_static_malloc
 .text.USBD_static_free
                0x000000000800b600        0x2 build/usbd_conf.o
                0x000000000800b600                USBD_static_free
 *fill*         0x000000000800b602        0x2 
 .text.USBD_VCP_DeviceDescriptor
                0x000000000800b604        0xc build/usbd_desc.o
                0x000000000800b604                USBD_VCP_DeviceDescriptor
 .text.USBD_VCP_LangIDStrDescriptor
                0x000000000800b610        0xc build/usbd_desc.o
                0x000000000800b610                USBD_VCP_LangIDStrDescriptor
 .text.IntToUnicode
                0x000000000800b61c       0x28 build/usbd_desc.o
 .text.USBD_VCP_SerialStrDescriptor
                0x000000000800b644       0x44 build/usbd_desc.o
                0x000000000800b644                USBD_VCP_SerialStrDescriptor
 .text.USBD_VCP_ProductStrDescriptor
                0x000000000800b688       0x1c build/usbd_desc.o
                0x000000000800b688                USBD_VCP_ProductStrDescriptor
 .text.USBD_VCP_ManufacturerStrDescriptor
                0x000000000800b6a4       0x1c build/usbd_desc.o
                0x000000000800b6a4                USBD_VCP_ManufacturerStrDescriptor
 .text.USBD_VCP_ConfigStrDescriptor
                0x000000000800b6c0       0x1c build/usbd_desc.o
                0x000000000800b6c0                USBD_VCP_ConfigStrDescriptor
 .text.USBD_VCP_InterfaceStrDescriptor
                0x000000000800b6dc       0x1c build/usbd_desc.o
                0x000000000800b6dc                USBD_VCP_InterfaceStrDescriptor
 .text.CDC_Itf_DeInit
                0x000000000800b6f8        0x4 build/usbd_cdc_interface.o
 .text.CDC_Itf_Receive
                0x000000000800b6fc       0x1c build/usbd_cdc_interface.o
 .text.CDC_Itf_Init
                0x000000000800b718       0x18 build/usbd_cdc_interface.o
 .text.CDC_Itf_Control
                0x000000000800b730       0x44 build/usbd_cdc_interface.o
 .text.SPIx_Init
                0x000000000800b774       0x80 build/Drivers/BSP/STM32F3-Discovery/stm32f3_discovery.o
 .text.SPIx_WriteRead
                0x000000000800b7f4       0x40 build/Drivers/BSP/STM32F3-Discovery/stm32f3_discovery.o
 .text.I2Cx_Init
                0x000000000800b834       0x6c build/Drivers/BSP/STM32F3-Discovery/stm32f3_discovery.o
 .text.BSP_LED_Init
                0x000000000800b8a0       0x68 build/Drivers/BSP/STM32F3-Discovery/stm32f3_discovery.o
                0x000000000800b8a0                BSP_LED_Init
 .text.BSP_LED_On
                0x000000000800b908       0x1c build/Drivers/BSP/STM32F3-Discovery/stm32f3_discovery.o
                0x000000000800b908                BSP_LED_On
 .text.BSP_LED_Off
                0x000000000800b924       0x1c build/Drivers/BSP/STM32F3-Discovery/stm32f3_discovery.o
                0x000000000800b924                BSP_LED_Off
 .text.BSP_LED_Toggle
                0x000000000800b940       0x18 build/Drivers/BSP/STM32F3-Discovery/stm32f3_discovery.o
                0x000000000800b940                BSP_LED_Toggle
 .text.BSP_PB_Init
                0x000000000800b958       0x74 build/Drivers/BSP/STM32F3-Discovery/stm32f3_discovery.o
                0x000000000800b958                BSP_PB_Init
 .text.BSP_PB_GetState
                0x000000000800b9cc       0x14 build/Drivers/BSP/STM32F3-Discovery/stm32f3_discovery.o
                0x000000000800b9cc                BSP_PB_GetState
 .text.GYRO_IO_Init
                0x000000000800b9e0       0x68 build/Drivers/BSP/STM32F3-Discovery/stm32f3_discovery.o
                0x000000000800b9e0                GYRO_IO_Init
 .text.GYRO_IO_Write
                0x000000000800ba48       0x44 build/Drivers/BSP/STM32F3-Discovery/stm32f3_discovery.o
                0x000000000800ba48                GYRO_IO_Write
 .text.GYRO_IO_Read
                0x000000000800ba8c       0x48 build/Drivers/BSP/STM32F3-Discovery/stm32f3_discovery.o
                0x000000000800ba8c                GYRO_IO_Read
 .text.COMPASSACCELERO_IO_Init
                0x000000000800bad4       0x64 build/Drivers/BSP/STM32F3-Discovery/stm32f3_discovery.o
                0x000000000800bad4                COMPASSACCELERO_IO_Init
 .text.COMPASSACCELERO_IO_ITConfig
                0x000000000800bb38       0x48 build/Drivers/BSP/STM32F3-Discovery/stm32f3_discovery.o
                0x000000000800bb38                COMPASSACCELERO_IO_ITConfig
 .text.COMPASSACCELERO_IO_Write
                0x000000000800bb80       0x38 build/Drivers/BSP/STM32F3-Discovery/stm32f3_discovery.o
                0x000000000800bb80                COMPASSACCELERO_IO_Write
 .text.COMPASSACCELERO_IO_Read
                0x000000000800bbb8       0x40 build/Drivers/BSP/STM32F3-Discovery/stm32f3_discovery.o
                0x000000000800bbb8                COMPASSACCELERO_IO_Read
 .text.BSP_ACCELERO_Init
                0x000000000800bbf8       0x30 build/Drivers/BSP/STM32F3-Discovery/stm32f3_discovery_accelerometer.o
                0x000000000800bbf8                BSP_ACCELERO_Init
 .text.BSP_ACCELERO_GetXYZ
                0x000000000800bc28       0x10 build/Drivers/BSP/STM32F3-Discovery/stm32f3_discovery_accelerometer.o
                0x000000000800bc28                BSP_ACCELERO_GetXYZ
 .text.BSP_GYRO_Init
                0x000000000800bc38       0x44 build/Drivers/BSP/STM32F3-Discovery/stm32f3_discovery_gyroscope.o
                0x000000000800bc38                BSP_GYRO_Init
 .text.BSP_GYRO_GetXYZ
                0x000000000800bc7c       0x10 build/Drivers/BSP/STM32F3-Discovery/stm32f3_discovery_gyroscope.o
                0x000000000800bc7c                BSP_GYRO_GetXYZ
 .text.LSM303DLHC_AccInit
                0x000000000800bc8c       0x20 build/Drivers/BSP/Components/lsm303dlhc/lsm303dlhc.o
                0x000000000800bc8c                LSM303DLHC_AccInit
 .text.LSM303DLHC_AccReadID
                0x000000000800bcac       0x12 build/Drivers/BSP/Components/lsm303dlhc/lsm303dlhc.o
                0x000000000800bcac                LSM303DLHC_AccReadID
 .text.LSM303DLHC_AccRebootCmd
                0x000000000800bcbe       0x1c build/Drivers/BSP/Components/lsm303dlhc/lsm303dlhc.o
                0x000000000800bcbe                LSM303DLHC_AccRebootCmd
 .text.LSM303DLHC_AccFilterConfig
                0x000000000800bcda       0x1e build/Drivers/BSP/Components/lsm303dlhc/lsm303dlhc.o
                0x000000000800bcda                LSM303DLHC_AccFilterConfig
 .text.LSM303DLHC_AccFilterCmd
                0x000000000800bcf8       0x1e build/Drivers/BSP/Components/lsm303dlhc/lsm303dlhc.o
                0x000000000800bcf8                LSM303DLHC_AccFilterCmd
 .text.LSM303DLHC_AccReadXYZ
                0x000000000800bd16       0xce build/Drivers/BSP/Components/lsm303dlhc/lsm303dlhc.o
                0x000000000800bd16                LSM303DLHC_AccReadXYZ
 .text.LSM303DLHC_AccFilterClickCmd
                0x000000000800bde4       0x1e build/Drivers/BSP/Components/lsm303dlhc/lsm303dlhc.o
                0x000000000800bde4                LSM303DLHC_AccFilterClickCmd
 .text.LSM303DLHC_AccIT1Enable
                0x000000000800be02       0x1e build/Drivers/BSP/Components/lsm303dlhc/lsm303dlhc.o
                0x000000000800be02                LSM303DLHC_AccIT1Enable
 .text.LSM303DLHC_AccClickITEnable
                0x000000000800be20       0x46 build/Drivers/BSP/Components/lsm303dlhc/lsm303dlhc.o
                0x000000000800be20                LSM303DLHC_AccClickITEnable
 .text.LSM303DLHC_AccZClickITConfig
                0x000000000800be66       0x1c build/Drivers/BSP/Components/lsm303dlhc/lsm303dlhc.o
                0x000000000800be66                LSM303DLHC_AccZClickITConfig
 .text.L3GD20_Init
                0x000000000800be82       0x32 build/Drivers/BSP/Components/l3gd20/l3gd20.o
                0x000000000800be82                L3GD20_Init
 .text.L3GD20_ReadID
                0x000000000800beb4       0x1c build/Drivers/BSP/Components/l3gd20/l3gd20.o
                0x000000000800beb4                L3GD20_ReadID
 .text.L3GD20_RebootCmd
                0x000000000800bed0       0x2c build/Drivers/BSP/Components/l3gd20/l3gd20.o
                0x000000000800bed0                L3GD20_RebootCmd
 .text.L3GD20_INT1InterruptConfig
                0x000000000800befc       0x5c build/Drivers/BSP/Components/l3gd20/l3gd20.o
                0x000000000800befc                L3GD20_INT1InterruptConfig
 .text.L3GD20_EnableIT
                0x000000000800bf58       0x40 build/Drivers/BSP/Components/l3gd20/l3gd20.o
                0x000000000800bf58                L3GD20_EnableIT
 .text.L3GD20_DisableIT
                0x000000000800bf98       0x3c build/Drivers/BSP/Components/l3gd20/l3gd20.o
                0x000000000800bf98                L3GD20_DisableIT
 .text.L3GD20_FilterConfig
                0x000000000800bfd4       0x2e build/Drivers/BSP/Components/l3gd20/l3gd20.o
                0x000000000800bfd4                L3GD20_FilterConfig
 .text.L3GD20_FilterCmd
                0x000000000800c002       0x2e build/Drivers/BSP/Components/l3gd20/l3gd20.o
                0x000000000800c002                L3GD20_FilterCmd
 .text.L3GD20_ReadXYZAngRate
                0x000000000800c030       0xd8 build/Drivers/BSP/Components/l3gd20/l3gd20.o
                0x000000000800c030                L3GD20_ReadXYZAngRate
 .text.Reset_Handler
                0x000000000800c108       0x50 build/Drivers/CMSIS/Device/ST/STM32F3xx/Source/Templates/gcc/startup_stm32f303xc.o
                0x000000000800c108                Reset_Handler
 .text.Default_Handler
                0x000000000800c158        0x2 build/Drivers/CMSIS/Device/ST/STM32F3xx/Source/Templates/gcc/startup_stm32f303xc.o
                0x000000000800c158                RTC_Alarm_IRQHandler
                0x000000000800c158                TIM8_TRG_COM_IRQHandler
                0x000000000800c158                TIM8_CC_IRQHandler
                0x000000000800c158                DebugMon_Handler
                0x000000000800c158                TIM1_CC_IRQHandler
                0x000000000800c158                HardFault_Handler
                0x000000000800c158                USB_HP_IRQHandler
                0x000000000800c158                PVD_IRQHandler
                0x000000000800c158                TAMP_STAMP_IRQHandler
                0x000000000800c158                PendSV_Handler
                0x000000000800c158                NMI_Handler
                0x000000000800c158                EXTI3_IRQHandler
                0x000000000800c158                USB_HP_CAN_TX_IRQHandler
                0x000000000800c158                EXTI0_IRQHandler
                0x000000000800c158                I2C2_EV_IRQHandler
                0x000000000800c158                FPU_IRQHandler
                0x000000000800c158                TIM1_UP_TIM16_IRQHandler
                0x000000000800c158                UsageFault_Handler
                0x000000000800c158                ADC1_2_IRQHandler
                0x000000000800c158                SPI1_IRQHandler
                0x000000000800c158                CAN_SCE_IRQHandler
                0x000000000800c158                TIM6_DAC_IRQHandler
                0x000000000800c158                TIM8_UP_IRQHandler
                0x000000000800c158                DMA2_Channel2_IRQHandler
                0x000000000800c158                DMA1_Channel4_IRQHandler
                0x000000000800c158                USART3_IRQHandler
                0x000000000800c158                DMA1_Channel7_IRQHandler
                0x000000000800c158                UART5_IRQHandler
                0x000000000800c158                ADC3_IRQHandler
                0x000000000800c158                TIM4_IRQHandler
                0x000000000800c158                CAN_RX1_IRQHandler
                0x000000000800c158                DMA2_Channel1_IRQHandler
                0x000000000800c158                I2C1_EV_IRQHandler
                0x000000000800c158                DMA1_Channel6_IRQHandler
                0x000000000800c158                UART4_IRQHandler
                0x000000000800c158                DMA2_Channel4_IRQHandler
                0x000000000800c158                TIM3_IRQHandler
                0x000000000800c158                RCC_IRQHandler
                0x000000000800c158                DMA1_Channel1_IRQHandler
                0x000000000800c158                Default_Handler
                0x000000000800c158                USBWakeUp_RMP_IRQHandler
                0x000000000800c158                EXTI15_10_IRQHandler
                0x000000000800c158                TIM7_IRQHandler
                0x000000000800c158                EXTI9_5_IRQHandler
                0x000000000800c158                RTC_WKUP_IRQHandler
                0x000000000800c158                SPI2_IRQHandler
                0x000000000800c158                MemManage_Handler
                0x000000000800c158                SVC_Handler
                0x000000000800c158                DMA2_Channel5_IRQHandler
                0x000000000800c158                DMA1_Channel5_IRQHandler
                0x000000000800c158                USB_LP_IRQHandler
                0x000000000800c158                EXTI4_IRQHandler
                0x000000000800c158                TIM1_TRG_COM_TIM17_IRQHandler
                0x000000000800c158                DMA1_Channel3_IRQHandler
                0x000000000800c158                ADC4_IRQHandler
                0x000000000800c158                WWDG_IRQHandler
                0x000000000800c158                TIM2_IRQHandler
                0x000000000800c158                COMP7_IRQHandler
                0x000000000800c158                COMP1_2_3_IRQHandler
                0x000000000800c158                EXTI1_IRQHandler
                0x000000000800c158                USART2_IRQHandler
                0x000000000800c158                COMP4_5_6_IRQHandler
                0x000000000800c158                I2C2_ER_IRQHandler
                0x000000000800c158                DMA1_Channel2_IRQHandler
                0x000000000800c158                TIM8_BRK_IRQHandler
                0x000000000800c158                FLASH_IRQHandler
                0x000000000800c158                BusFault_Handler
                0x000000000800c158                USART1_IRQHandler
                0x000000000800c158                SPI3_IRQHandler
                0x000000000800c158                I2C1_ER_IRQHandler
                0x000000000800c158                USBWakeUp_IRQHandler
                0x000000000800c158                DMA2_Channel3_IRQHandler
                0x000000000800c158                EXTI2_TSC_IRQHandler
                0x000000000800c158                TIM1_BRK_TIM15_IRQHandler
 *fill*         0x000000000800c15a        0x2 
 .text.startup  0x000000000800c15c       0x14 /usr/lib/gcc/arm-none-eabi/5.4.1/../../../arm-none-eabi/lib/armv7e-m/fpu/libg.a(lib_a-__call_atexit.o)
 *(.glue_7)
 .glue_7        0x000000000800c170        0x0 linker stubs
 *(.glue_7t)
 .glue_7t       0x000000000800c170        0x0 linker stubs
 *(.eh_frame)
 .eh_frame      0x000000000800c170        0x0 /usr/lib/gcc/arm-none-eabi/5.4.1/armv7e-m/fpu/crtbegin.o
 *(.init)
 .init          0x000000000800c170        0x4 /usr/lib/gcc/arm-none-eabi/5.4.1/armv7e-m/fpu/crti.o
                0x000000000800c170                _init
 .init          0x000000000800c174        0x8 /usr/lib/gcc/arm-none-eabi/5.4.1/armv7e-m/fpu/crtn.o
 *(.fini)
 .fini          0x000000000800c17c        0x4 /usr/lib/gcc/arm-none-eabi/5.4.1/armv7e-m/fpu/crti.o
                0x000000000800c17c                _fini
 .fini          0x000000000800c180        0x8 /usr/lib/gcc/arm-none-eabi/5.4.1/armv7e-m/fpu/crtn.o
                0x000000000800c188                . = ALIGN (0x4)
                0x000000000800c188                _etext = .

.vfp11_veneer   0x000000000800c188        0x0
 .vfp11_veneer  0x000000000800c188        0x0 linker stubs

.v4_bx          0x000000000800c188        0x0
 .v4_bx         0x000000000800c188        0x0 linker stubs

.iplt           0x000000000800c188        0x0
 .iplt          0x000000000800c188        0x0 /usr/lib/gcc/arm-none-eabi/5.4.1/armv7e-m/fpu/crtbegin.o

.rodata         0x000000000800c188     0xf9b8
                0x000000000800c188                . = ALIGN (0x4)
 *(.rodata)
 .rodata        0x000000000800c188      0x494 build/decoder/STM32F30x_decoder.o
 .rodata        0x000000000800c61c      0x101 /usr/lib/gcc/arm-none-eabi/5.4.1/../../../arm-none-eabi/lib/armv7e-m/fpu/libg.a(lib_a-ctype_.o)
                0x000000000800c61c                _ctype_
 *fill*         0x000000000800c71d        0x3 
 .rodata        0x000000000800c720        0x4 /usr/lib/gcc/arm-none-eabi/5.4.1/../../../arm-none-eabi/lib/armv7e-m/fpu/libg.a(lib_a-impure.o)
                0x000000000800c720                _global_impure_ptr
 .rodata        0x000000000800c724       0x20 /usr/lib/gcc/arm-none-eabi/5.4.1/../../../arm-none-eabi/lib/armv7e-m/fpu/libg.a(lib_a-vfprintf.o)
 *fill*         0x000000000800c744        0x4 
 .rodata        0x000000000800c748      0x128 /usr/lib/gcc/arm-none-eabi/5.4.1/../../../arm-none-eabi/lib/armv7e-m/fpu/libg.a(lib_a-mprec.o)
                0x000000000800c758                __mprec_tens
                0x000000000800c820                __mprec_tinytens
                0x000000000800c848                __mprec_bigtens
 .rodata        0x000000000800c870       0x20 /usr/lib/gcc/arm-none-eabi/5.4.1/../../../arm-none-eabi/lib/armv7e-m/fpu/libg.a(lib_a-vfiprintf.o)
 *(.rodata*)
 .rodata.str1.1
                0x000000000800c890      0x1d2 build/main.o
                                        0x1d9 (size before relaxing)
 .rodata.LEDs   0x000000000800ca62        0x8 build/main.o
                0x000000000800ca62                LEDs
 .rodata.str1.1
                0x000000000800ca6a       0xbe build/gpiocmd.o
 .rodata.str1.1
                0x000000000800cb28       0x5d build/mytest.o
 .rodata.str1.1
                0x000000000800cb85       0x4b build/monitor.o
                                         0x4d (size before relaxing)
 .rodata.__FUNCTION__.5921
                0x000000000800cbd0        0x6 build/parser.o
 .rodata.str1.1
                0x000000000800cbd6       0xe1 build/parser.o
                                         0xe4 (size before relaxing)
 .rodata.str1.1
                0x000000000800ccb7      0x1fc build/dump.o
                                        0x1fe (size before relaxing)
 .rodata.str1.1
                0x000000000800ceb3       0xaa build/terminal.o
                                         0xac (size before relaxing)
 .rodata.str1.1
                0x000000000800cf5d      0x51a build/decoder/decoder.o
                                        0x529 (size before relaxing)
 *fill*         0x000000000800d477        0x1 
 .rodata.DMA1_registers
                0x000000000800d478      0x1e0 build/decoder/STM32F30x_decoder.o
                0x000000000800d478                DMA1_registers
 .rodata.SPI1_DR_fields
                0x000000000800d658        0x8 build/decoder/STM32F30x_decoder.o
                0x000000000800d658                SPI1_DR_fields
 .rodata.ADC1_2_CSR_fields
                0x000000000800d660       0xb0 build/decoder/STM32F30x_decoder.o
                0x000000000800d660                ADC1_2_CSR_fields
 .rodata.USB_FS_USB_EP3R_fields
                0x000000000800d710       0x50 build/decoder/STM32F30x_decoder.o
                0x000000000800d710                USB_FS_USB_EP3R_fields
 .rodata.GPIOB_PUPDR_fields
                0x000000000800d760       0x80 build/decoder/STM32F30x_decoder.o
                0x000000000800d760                GPIOB_PUPDR_fields
 .rodata.TSC_IOG8CR_fields
                0x000000000800d7e0        0x8 build/decoder/STM32F30x_decoder.o
                0x000000000800d7e0                TSC_IOG8CR_fields
 .rodata.TIM1_CCMR3_Output_fields
                0x000000000800d7e8       0x50 build/decoder/STM32F30x_decoder.o
                0x000000000800d7e8                TIM1_CCMR3_Output_fields
 .rodata.TIM1_SMCR_fields
                0x000000000800d838       0x48 build/decoder/STM32F30x_decoder.o
                0x000000000800d838                TIM1_SMCR_fields
 .rodata.RTC_SHIFTR_fields
                0x000000000800d880       0x10 build/decoder/STM32F30x_decoder.o
                0x000000000800d880                RTC_SHIFTR_fields
 .rodata.CAN_F24R1_fields
                0x000000000800d890      0x100 build/decoder/STM32F30x_decoder.o
                0x000000000800d890                CAN_F24R1_fields
 .rodata.RTC_TSDR_fields
                0x000000000800d990       0x28 build/decoder/STM32F30x_decoder.o
                0x000000000800d990                RTC_TSDR_fields
 .rodata.RTC_BKP22R_fields
                0x000000000800d9b8        0x8 build/decoder/STM32F30x_decoder.o
                0x000000000800d9b8                RTC_BKP22R_fields
 .rodata.TIM1_CCMR2_Output_fields
                0x000000000800d9c0       0x60 build/decoder/STM32F30x_decoder.o
                0x000000000800d9c0                TIM1_CCMR2_Output_fields
 .rodata.TIM17_RCR_fields
                0x000000000800da20        0x8 build/decoder/STM32F30x_decoder.o
                0x000000000800da20                TIM17_RCR_fields
 .rodata.EXTI_EMR1_fields
                0x000000000800da28      0x100 build/decoder/STM32F30x_decoder.o
                0x000000000800da28                EXTI_EMR1_fields
 .rodata.USB_FS_ISTR_fields
                0x000000000800db28       0x50 build/decoder/STM32F30x_decoder.o
                0x000000000800db28                USB_FS_ISTR_fields
 .rodata.I2C1_ICR_fields
                0x000000000800db78       0x48 build/decoder/STM32F30x_decoder.o
                0x000000000800db78                I2C1_ICR_fields
 .rodata.TIM16_ARR_fields
                0x000000000800dbc0        0x8 build/decoder/STM32F30x_decoder.o
                0x000000000800dbc0                TIM16_ARR_fields
 .rodata.RTC_ISR_fields
                0x000000000800dbc8       0x88 build/decoder/STM32F30x_decoder.o
                0x000000000800dbc8                RTC_ISR_fields
 .rodata.RTC_BKP27R_fields
                0x000000000800dc50        0x8 build/decoder/STM32F30x_decoder.o
                0x000000000800dc50                RTC_BKP27R_fields
 .rodata.TIM8_CCR6_fields
                0x000000000800dc58        0x8 build/decoder/STM32F30x_decoder.o
                0x000000000800dc58                TIM8_CCR6_fields
 .rodata.TIM17_BDTR_fields
                0x000000000800dc60       0x48 build/decoder/STM32F30x_decoder.o
                0x000000000800dc60                TIM17_BDTR_fields
 .rodata.TIM8_CCMR1_Input_fields
                0x000000000800dca8       0x30 build/decoder/STM32F30x_decoder.o
                0x000000000800dca8                TIM8_CCMR1_Input_fields
 .rodata.DAC_registers
                0x000000000800dcd8       0xe0 build/decoder/STM32F30x_decoder.o
                0x000000000800dcd8                DAC_registers
 .rodata.IWDG_WINR_fields
                0x000000000800ddb8        0x8 build/decoder/STM32F30x_decoder.o
                0x000000000800ddb8                IWDG_WINR_fields
 .rodata.CAN_F19R2_fields
                0x000000000800ddc0      0x100 build/decoder/STM32F30x_decoder.o
                0x000000000800ddc0                CAN_F19R2_fields
 .rodata.CAN_RF1R_fields
                0x000000000800dec0       0x20 build/decoder/STM32F30x_decoder.o
                0x000000000800dec0                CAN_RF1R_fields
 .rodata.RTC_CALR_fields
                0x000000000800dee0       0x20 build/decoder/STM32F30x_decoder.o
                0x000000000800dee0                RTC_CALR_fields
 .rodata.TIM2_SR_fields
                0x000000000800df00       0x50 build/decoder/STM32F30x_decoder.o
                0x000000000800df00                TIM2_SR_fields
 .rodata.SYSCFG_EXTICR2_fields
                0x000000000800df50       0x20 build/decoder/STM32F30x_decoder.o
                0x000000000800df50                SYSCFG_EXTICR2_fields
 .rodata.CAN_MCR_fields
                0x000000000800df70       0x50 build/decoder/STM32F30x_decoder.o
                0x000000000800df70                CAN_MCR_fields
 .rodata.TIM17_SR_fields
                0x000000000800dfc0       0x30 build/decoder/STM32F30x_decoder.o
                0x000000000800dfc0                TIM17_SR_fields
 .rodata.USART1_GTPR_fields
                0x000000000800dff0       0x10 build/decoder/STM32F30x_decoder.o
                0x000000000800dff0                USART1_GTPR_fields
 .rodata.DAC_DOR1_fields
                0x000000000800e000        0x8 build/decoder/STM32F30x_decoder.o
                0x000000000800e000                DAC_DOR1_fields
 .rodata.CAN_F1R1_fields
                0x000000000800e008      0x100 build/decoder/STM32F30x_decoder.o
                0x000000000800e008                CAN_F1R1_fields
 .rodata.CAN_FA1R_fields
                0x000000000800e108       0xe0 build/decoder/STM32F30x_decoder.o
                0x000000000800e108                CAN_FA1R_fields
 .rodata.RTC_BKP6R_fields
                0x000000000800e1e8        0x8 build/decoder/STM32F30x_decoder.o
                0x000000000800e1e8                RTC_BKP6R_fields
 .rodata.RCC_CFGR_fields
                0x000000000800e1f0       0x60 build/decoder/STM32F30x_decoder.o
                0x000000000800e1f0                RCC_CFGR_fields
 .rodata.PWR_CR_fields
                0x000000000800e250       0x38 build/decoder/STM32F30x_decoder.o
                0x000000000800e250                PWR_CR_fields
 .rodata.NVIC_ISER0_fields
                0x000000000800e288        0x8 build/decoder/STM32F30x_decoder.o
                0x000000000800e288                NVIC_ISER0_fields
 .rodata.DMA1_CPAR7_fields
                0x000000000800e290        0x8 build/decoder/STM32F30x_decoder.o
                0x000000000800e290                DMA1_CPAR7_fields
 .rodata.TSC_IOHCR_fields
                0x000000000800e298      0x100 build/decoder/STM32F30x_decoder.o
                0x000000000800e298                TSC_IOHCR_fields
 .rodata.CAN_F27R1_fields
                0x000000000800e398      0x100 build/decoder/STM32F30x_decoder.o
                0x000000000800e398                CAN_F27R1_fields
 .rodata.TIM6_ARR_fields
                0x000000000800e498        0x8 build/decoder/STM32F30x_decoder.o
                0x000000000800e498                TIM6_ARR_fields
 .rodata.CAN_F12R1_fields
                0x000000000800e4a0      0x100 build/decoder/STM32F30x_decoder.o
                0x000000000800e4a0                CAN_F12R1_fields
 .rodata.TIM15_DCR_fields
                0x000000000800e5a0       0x10 build/decoder/STM32F30x_decoder.o
                0x000000000800e5a0                TIM15_DCR_fields
 .rodata.NVIC_IPR18_fields
                0x000000000800e5b0       0x20 build/decoder/STM32F30x_decoder.o
                0x000000000800e5b0                NVIC_IPR18_fields
 .rodata.RTC_BKP13R_fields
                0x000000000800e5d0        0x8 build/decoder/STM32F30x_decoder.o
                0x000000000800e5d0                RTC_BKP13R_fields
 .rodata.CAN_BTR_fields
                0x000000000800e5d8       0x30 build/decoder/STM32F30x_decoder.o
                0x000000000800e5d8                CAN_BTR_fields
 .rodata.TIM15_BDTR_fields
                0x000000000800e608       0x48 build/decoder/STM32F30x_decoder.o
                0x000000000800e608                TIM15_BDTR_fields
 .rodata.NVIC_IPR1_fields
                0x000000000800e650       0x20 build/decoder/STM32F30x_decoder.o
                0x000000000800e650                NVIC_IPR1_fields
 .rodata.TIM15_PSC_fields
                0x000000000800e670        0x8 build/decoder/STM32F30x_decoder.o
                0x000000000800e670                TIM15_PSC_fields
 .rodata.Flash_ACR_fields
                0x000000000800e678       0x18 build/decoder/STM32F30x_decoder.o
                0x000000000800e678                Flash_ACR_fields
 .rodata.TIM17_CCMR1_Output_fields
                0x000000000800e690       0x28 build/decoder/STM32F30x_decoder.o
                0x000000000800e690                TIM17_CCMR1_Output_fields
 .rodata.TIM2_ARR_fields
                0x000000000800e6b8       0x10 build/decoder/STM32F30x_decoder.o
                0x000000000800e6b8                TIM2_ARR_fields
 .rodata.Flash_registers
                0x000000000800e6c8       0x80 build/decoder/STM32F30x_decoder.o
                0x000000000800e6c8                Flash_registers
 .rodata.CAN_TDH0R_fields
                0x000000000800e748       0x20 build/decoder/STM32F30x_decoder.o
                0x000000000800e748                CAN_TDH0R_fields
 .rodata.TIM1_DCR_fields
                0x000000000800e768       0x10 build/decoder/STM32F30x_decoder.o
                0x000000000800e768                TIM1_DCR_fields
 .rodata.CAN_TI2R_fields
                0x000000000800e778       0x28 build/decoder/STM32F30x_decoder.o
                0x000000000800e778                CAN_TI2R_fields
 .rodata.ADC1_IER_fields
                0x000000000800e7a0       0x58 build/decoder/STM32F30x_decoder.o
                0x000000000800e7a0                ADC1_IER_fields
 .rodata.NVIC_ICPR2_fields
                0x000000000800e7f8        0x8 build/decoder/STM32F30x_decoder.o
                0x000000000800e7f8                NVIC_ICPR2_fields
 .rodata.EXTI_IMR1_fields
                0x000000000800e800      0x100 build/decoder/STM32F30x_decoder.o
                0x000000000800e800                EXTI_IMR1_fields
 .rodata.TSC_IOASCR_fields
                0x000000000800e900      0x100 build/decoder/STM32F30x_decoder.o
                0x000000000800e900                TSC_IOASCR_fields
 .rodata.RCC_CFGR2_fields
                0x000000000800ea00       0x18 build/decoder/STM32F30x_decoder.o
                0x000000000800ea00                RCC_CFGR2_fields
 .rodata.TIM1_PSC_fields
                0x000000000800ea18        0x8 build/decoder/STM32F30x_decoder.o
                0x000000000800ea18                TIM1_PSC_fields
 .rodata.Flash_KEYR_fields
                0x000000000800ea20        0x8 build/decoder/STM32F30x_decoder.o
                0x000000000800ea20                Flash_KEYR_fields
 .rodata.TIM8_CR2_fields
                0x000000000800ea28       0x78 build/decoder/STM32F30x_decoder.o
                0x000000000800ea28                TIM8_CR2_fields
 .rodata.ADC1_CFGR_fields
                0x000000000800eaa0       0x98 build/decoder/STM32F30x_decoder.o
                0x000000000800eaa0                ADC1_CFGR_fields
 .rodata.TIM17_EGR_fields
                0x000000000800eb38       0x28 build/decoder/STM32F30x_decoder.o
                0x000000000800eb38                TIM17_EGR_fields
 .rodata.TSC_IOGCSR_fields
                0x000000000800eb60       0x80 build/decoder/STM32F30x_decoder.o
                0x000000000800eb60                TSC_IOGCSR_fields
 .rodata.NVIC_IPR0_fields
                0x000000000800ebe0       0x20 build/decoder/STM32F30x_decoder.o
                0x000000000800ebe0                NVIC_IPR0_fields
 .rodata.NVIC_IPR8_fields
                0x000000000800ec00       0x20 build/decoder/STM32F30x_decoder.o
                0x000000000800ec00                NVIC_IPR8_fields
 .rodata.RTC_WUTR_fields
                0x000000000800ec20        0x8 build/decoder/STM32F30x_decoder.o
                0x000000000800ec20                RTC_WUTR_fields
 .rodata.GPIOB_OSPEEDR_fields
                0x000000000800ec28       0x80 build/decoder/STM32F30x_decoder.o
                0x000000000800ec28                GPIOB_OSPEEDR_fields
 .rodata.ADC1_ISR_fields
                0x000000000800eca8       0x58 build/decoder/STM32F30x_decoder.o
                0x000000000800eca8                ADC1_ISR_fields
 .rodata.NVIC_ICER1_fields
                0x000000000800ed00        0x8 build/decoder/STM32F30x_decoder.o
                0x000000000800ed00                NVIC_ICER1_fields
 .rodata.RTC_BKP7R_fields
                0x000000000800ed08        0x8 build/decoder/STM32F30x_decoder.o
                0x000000000800ed08                RTC_BKP7R_fields
 .rodata.CAN_RF0R_fields
                0x000000000800ed10       0x20 build/decoder/STM32F30x_decoder.o
                0x000000000800ed10                CAN_RF0R_fields
 .rodata.CAN_FS1R_fields
                0x000000000800ed30       0xe0 build/decoder/STM32F30x_decoder.o
                0x000000000800ed30                CAN_FS1R_fields
 .rodata.GPIOA_AFRL_fields
                0x000000000800ee10       0x40 build/decoder/STM32F30x_decoder.o
                0x000000000800ee10                GPIOA_AFRL_fields
 .rodata.DMA1_CMAR3_fields
                0x000000000800ee50        0x8 build/decoder/STM32F30x_decoder.o
                0x000000000800ee50                DMA1_CMAR3_fields
 .rodata.ADC1_SQR1_fields
                0x000000000800ee58       0x28 build/decoder/STM32F30x_decoder.o
                0x000000000800ee58                ADC1_SQR1_fields
 .rodata.CAN_F15R2_fields
                0x000000000800ee80      0x100 build/decoder/STM32F30x_decoder.o
                0x000000000800ee80                CAN_F15R2_fields
 .rodata.TIM2_DMAR_fields
                0x000000000800ef80        0x8 build/decoder/STM32F30x_decoder.o
                0x000000000800ef80                TIM2_DMAR_fields
 .rodata.I2C1_TIMEOUTR_fields
                0x000000000800ef88       0x28 build/decoder/STM32F30x_decoder.o
                0x000000000800ef88                I2C1_TIMEOUTR_fields
 .rodata.GPIOB_LCKR_fields
                0x000000000800efb0       0x88 build/decoder/STM32F30x_decoder.o
                0x000000000800efb0                GPIOB_LCKR_fields
 .rodata.DAC_DHR8R1_fields
                0x000000000800f038        0x8 build/decoder/STM32F30x_decoder.o
                0x000000000800f038                DAC_DHR8R1_fields
 .rodata.TIM1_CCMR1_Output_fields
                0x000000000800f040       0x60 build/decoder/STM32F30x_decoder.o
                0x000000000800f040                TIM1_CCMR1_Output_fields
 .rodata.TIM1_CCR2_fields
                0x000000000800f0a0        0x8 build/decoder/STM32F30x_decoder.o
                0x000000000800f0a0                TIM1_CCR2_fields
 .rodata.TIM1_OR_fields
                0x000000000800f0a8       0x10 build/decoder/STM32F30x_decoder.o
                0x000000000800f0a8                TIM1_OR_fields
 .rodata.USART1_TDR_fields
                0x000000000800f0b8        0x8 build/decoder/STM32F30x_decoder.o
                0x000000000800f0b8                USART1_TDR_fields
 .rodata.NVIC_STIR_fields
                0x000000000800f0c0        0x8 build/decoder/STM32F30x_decoder.o
                0x000000000800f0c0                NVIC_STIR_fields
 .rodata.USB_FS_USB_EP7R_fields
                0x000000000800f0c8       0x50 build/decoder/STM32F30x_decoder.o
                0x000000000800f0c8                USB_FS_USB_EP7R_fields
 .rodata.ADC1_SQR4_fields
                0x000000000800f118       0x10 build/decoder/STM32F30x_decoder.o
                0x000000000800f118                ADC1_SQR4_fields
 .rodata.SYSCFG_registers
                0x000000000800f128       0x70 build/decoder/STM32F30x_decoder.o
                0x000000000800f128                SYSCFG_registers
 .rodata.PWR_CSR_fields
                0x000000000800f198       0x28 build/decoder/STM32F30x_decoder.o
                0x000000000800f198                PWR_CSR_fields
 .rodata.GPIOB_AFRH_fields
                0x000000000800f1c0       0x40 build/decoder/STM32F30x_decoder.o
                0x000000000800f1c0                GPIOB_AFRH_fields
 .rodata.FPU_FPCCR_fields
                0x000000000800f200       0x48 build/decoder/STM32F30x_decoder.o
                0x000000000800f200                FPU_FPCCR_fields
 .rodata.DBGMCU_APB2FZ_fields
                0x000000000800f248       0x20 build/decoder/STM32F30x_decoder.o
                0x000000000800f248                DBGMCU_APB2FZ_fields
 .rodata.TIM8_CCR1_fields
                0x000000000800f268        0x8 build/decoder/STM32F30x_decoder.o
                0x000000000800f268                TIM8_CCR1_fields
 .rodata.WWDG_SR_fields
                0x000000000800f270        0x8 build/decoder/STM32F30x_decoder.o
                0x000000000800f270                WWDG_SR_fields
 .rodata.TIM16_DIER_fields
                0x000000000800f278       0x48 build/decoder/STM32F30x_decoder.o
                0x000000000800f278                TIM16_DIER_fields
 .rodata.TIM1_CCR5_fields
                0x000000000800f2c0       0x20 build/decoder/STM32F30x_decoder.o
                0x000000000800f2c0                TIM1_CCR5_fields
 .rodata.TIM8_BDTR_fields
                0x000000000800f2e0       0x60 build/decoder/STM32F30x_decoder.o
                0x000000000800f2e0                TIM8_BDTR_fields
 .rodata.Flash_CR_fields
                0x000000000800f340       0x58 build/decoder/STM32F30x_decoder.o
                0x000000000800f340                Flash_CR_fields
 .rodata.TIM1_DIER_fields
                0x000000000800f398       0x78 build/decoder/STM32F30x_decoder.o
                0x000000000800f398                TIM1_DIER_fields
 .rodata.RTC_BKP26R_fields
                0x000000000800f410        0x8 build/decoder/STM32F30x_decoder.o
                0x000000000800f410                RTC_BKP26R_fields
 .rodata.Flash_OBR_fields
                0x000000000800f418       0x58 build/decoder/STM32F30x_decoder.o
                0x000000000800f418                Flash_OBR_fields
 .rodata.ADC1_AWD2CR_fields
                0x000000000800f470        0x8 build/decoder/STM32F30x_decoder.o
                0x000000000800f470                ADC1_AWD2CR_fields
 .rodata.FPU_registers
                0x000000000800f478       0x60 build/decoder/STM32F30x_decoder.o
                0x000000000800f478                FPU_registers
 .rodata.DAC_CR_fields
                0x000000000800f4d8       0x80 build/decoder/STM32F30x_decoder.o
                0x000000000800f4d8                DAC_CR_fields
 .rodata.NVIC_IPR10_fields
                0x000000000800f558       0x20 build/decoder/STM32F30x_decoder.o
                0x000000000800f558                NVIC_IPR10_fields
 .rodata.TIM15_CCR1_fields
                0x000000000800f578        0x8 build/decoder/STM32F30x_decoder.o
                0x000000000800f578                TIM15_CCR1_fields
 .rodata.RTC_ALRMAR_fields
                0x000000000800f580       0x70 build/decoder/STM32F30x_decoder.o
                0x000000000800f580                RTC_ALRMAR_fields
 .rodata.GPIOA_BSRR_fields
                0x000000000800f5f0      0x100 build/decoder/STM32F30x_decoder.o
                0x000000000800f5f0                GPIOA_BSRR_fields
 .rodata.TIM16_SR_fields
                0x000000000800f6f0       0x30 build/decoder/STM32F30x_decoder.o
                0x000000000800f6f0                TIM16_SR_fields
 .rodata.CAN_F6R1_fields
                0x000000000800f720      0x100 build/decoder/STM32F30x_decoder.o
                0x000000000800f720                CAN_F6R1_fields
 .rodata.ADC1_OFR1_fields
                0x000000000800f820       0x18 build/decoder/STM32F30x_decoder.o
                0x000000000800f820                ADC1_OFR1_fields
 .rodata.TIM15_CR1_fields
                0x000000000800f838       0x38 build/decoder/STM32F30x_decoder.o
                0x000000000800f838                TIM15_CR1_fields
 .rodata.NVIC_IABR2_fields
                0x000000000800f870        0x8 build/decoder/STM32F30x_decoder.o
                0x000000000800f870                NVIC_IABR2_fields
 .rodata.DMA1_CCR2_fields
                0x000000000800f878       0x60 build/decoder/STM32F30x_decoder.o
                0x000000000800f878                DMA1_CCR2_fields
 .rodata.NVIC_IPR13_fields
                0x000000000800f8d8       0x20 build/decoder/STM32F30x_decoder.o
                0x000000000800f8d8                NVIC_IPR13_fields
 .rodata.CAN_F22R2_fields
                0x000000000800f8f8      0x100 build/decoder/STM32F30x_decoder.o
                0x000000000800f8f8                CAN_F22R2_fields
 .rodata.CAN_F0R2_fields
                0x000000000800f9f8      0x100 build/decoder/STM32F30x_decoder.o
                0x000000000800f9f8                CAN_F0R2_fields
 .rodata.RTC_BKP0R_fields
                0x000000000800faf8        0x8 build/decoder/STM32F30x_decoder.o
                0x000000000800faf8                RTC_BKP0R_fields
 .rodata.CAN_F19R1_fields
                0x000000000800fb00      0x100 build/decoder/STM32F30x_decoder.o
                0x000000000800fb00                CAN_F19R1_fields
 .rodata.DMA1_IFCR_fields
                0x000000000800fc00       0xe0 build/decoder/STM32F30x_decoder.o
                0x000000000800fc00                DMA1_IFCR_fields
 .rodata.TIM16_CCMR1_Input_fields
                0x000000000800fce0       0x18 build/decoder/STM32F30x_decoder.o
                0x000000000800fce0                TIM16_CCMR1_Input_fields
 .rodata.TIM2_SMCR_fields
                0x000000000800fcf8       0x48 build/decoder/STM32F30x_decoder.o
                0x000000000800fcf8                TIM2_SMCR_fields
 .rodata.CAN_TDT1R_fields
                0x000000000800fd40       0x18 build/decoder/STM32F30x_decoder.o
                0x000000000800fd40                CAN_TDT1R_fields
 .rodata.COMP_COMP6_CSR_fields
                0x000000000800fd58       0x58 build/decoder/STM32F30x_decoder.o
                0x000000000800fd58                COMP_COMP6_CSR_fields
 .rodata.I2C1_CR2_fields
                0x000000000800fdb0       0x68 build/decoder/STM32F30x_decoder.o
                0x000000000800fdb0                I2C1_CR2_fields
 .rodata.TIM1_CR1_fields
                0x000000000800fe18       0x48 build/decoder/STM32F30x_decoder.o
                0x000000000800fe18                TIM1_CR1_fields
 .rodata.CAN_F26R2_fields
                0x000000000800fe60      0x100 build/decoder/STM32F30x_decoder.o
                0x000000000800fe60                CAN_F26R2_fields
 .rodata.RTC_BKP10R_fields
                0x000000000800ff60        0x8 build/decoder/STM32F30x_decoder.o
                0x000000000800ff60                RTC_BKP10R_fields
 .rodata.DMA1_CMAR6_fields
                0x000000000800ff68        0x8 build/decoder/STM32F30x_decoder.o
                0x000000000800ff68                DMA1_CMAR6_fields
 .rodata.CAN_F11R2_fields
                0x000000000800ff70      0x100 build/decoder/STM32F30x_decoder.o
                0x000000000800ff70                CAN_F11R2_fields
 .rodata.NVIC_IPR20_fields
                0x0000000008010070       0x20 build/decoder/STM32F30x_decoder.o
                0x0000000008010070                NVIC_IPR20_fields
 .rodata.ADC1_DR_fields
                0x0000000008010090        0x8 build/decoder/STM32F30x_decoder.o
                0x0000000008010090                ADC1_DR_fields
 .rodata.CAN_F16R1_fields
                0x0000000008010098      0x100 build/decoder/STM32F30x_decoder.o
                0x0000000008010098                CAN_F16R1_fields
 .rodata.TSC_registers
                0x0000000008010198      0x110 build/decoder/STM32F30x_decoder.o
                0x0000000008010198                TSC_registers
 .rodata.ADC1_registers
                0x00000000080102a8      0x1b0 build/decoder/STM32F30x_decoder.o
                0x00000000080102a8                ADC1_registers
 .rodata.TIM17_CR2_fields
                0x0000000008010458       0x28 build/decoder/STM32F30x_decoder.o
                0x0000000008010458                TIM17_CR2_fields
 .rodata.PWR_registers
                0x0000000008010480       0x20 build/decoder/STM32F30x_decoder.o
                0x0000000008010480                PWR_registers
 .rodata.TIM8_ARR_fields
                0x00000000080104a0        0x8 build/decoder/STM32F30x_decoder.o
                0x00000000080104a0                TIM8_ARR_fields
 .rodata.EXTI_RTSR1_fields
                0x00000000080104a8       0xd0 build/decoder/STM32F30x_decoder.o
                0x00000000080104a8                EXTI_RTSR1_fields
 .rodata.RCC_APB2ENR_fields
                0x0000000008010578       0x40 build/decoder/STM32F30x_decoder.o
                0x0000000008010578                RCC_APB2ENR_fields
 .rodata.NVIC_IPR3_fields
                0x00000000080105b8       0x20 build/decoder/STM32F30x_decoder.o
                0x00000000080105b8                NVIC_IPR3_fields
 .rodata.I2C1_TIMINGR_fields
                0x00000000080105d8       0x28 build/decoder/STM32F30x_decoder.o
                0x00000000080105d8                I2C1_TIMINGR_fields
 .rodata.USART1_CR1_fields
                0x0000000008010600       0xa0 build/decoder/STM32F30x_decoder.o
                0x0000000008010600                USART1_CR1_fields
 .rodata.USART1_RDR_fields
                0x00000000080106a0        0x8 build/decoder/STM32F30x_decoder.o
                0x00000000080106a0                USART1_RDR_fields
 .rodata.CAN_F13R1_fields
                0x00000000080106a8      0x100 build/decoder/STM32F30x_decoder.o
                0x00000000080106a8                CAN_F13R1_fields
 .rodata.RCC_CSR_fields
                0x00000000080107a8       0x50 build/decoder/STM32F30x_decoder.o
                0x00000000080107a8                RCC_CSR_fields
 .rodata.NVIC_IABR0_fields
                0x00000000080107f8        0x8 build/decoder/STM32F30x_decoder.o
                0x00000000080107f8                NVIC_IABR0_fields
 .rodata.TIM2_EGR_fields
                0x0000000008010800       0x30 build/decoder/STM32F30x_decoder.o
                0x0000000008010800                TIM2_EGR_fields
 .rodata.USART1_CR3_fields
                0x0000000008010830       0x98 build/decoder/STM32F30x_decoder.o
                0x0000000008010830                USART1_CR3_fields
 .rodata.TIM2_DIER_fields
                0x00000000080108c8       0x60 build/decoder/STM32F30x_decoder.o
                0x00000000080108c8                TIM2_DIER_fields
 .rodata.CAN_MSR_fields
                0x0000000008010928       0x48 build/decoder/STM32F30x_decoder.o
                0x0000000008010928                CAN_MSR_fields
 .rodata.DAC_DHR12L1_fields
                0x0000000008010970        0x8 build/decoder/STM32F30x_decoder.o
                0x0000000008010970                DAC_DHR12L1_fields
 .rodata.FPU_MVFR0_fields
                0x0000000008010978       0x40 build/decoder/STM32F30x_decoder.o
                0x0000000008010978                FPU_MVFR0_fields
 .rodata.SPI1_CR1_fields
                0x00000000080109b8       0x70 build/decoder/STM32F30x_decoder.o
                0x00000000080109b8                SPI1_CR1_fields
 .rodata.EXTI_registers
                0x0000000008010a28       0xc0 build/decoder/STM32F30x_decoder.o
                0x0000000008010a28                EXTI_registers
 .rodata.USB_FS_DADDR_fields
                0x0000000008010ae8       0x40 build/decoder/STM32F30x_decoder.o
                0x0000000008010ae8                USB_FS_DADDR_fields
 .rodata.RTC_BKP8R_fields
                0x0000000008010b28        0x8 build/decoder/STM32F30x_decoder.o
                0x0000000008010b28                RTC_BKP8R_fields
 .rodata.CAN_F2R1_fields
                0x0000000008010b30      0x100 build/decoder/STM32F30x_decoder.o